<?xml version="1.0" encoding="ISO-8859-1" ?>
<link_info>
   <banner>TI ARM Clang Linker PC v4.0.4.LTS</banner>
   <copyright>Copyright (c) 1996-2018 Texas Instruments Incorporated</copyright>
   <command_line>C:\ti\ccs2041\ccs\tools\compiler\ti-cgt-armllvm_4.0.4.LTS\bin\tiarmlnk -IC:\ti\ccs2041\ccs\tools\compiler\ti-cgt-armllvm_4.0.4.LTS\lib -o io_expander_i2c_host.out -mio_expander_i2c_host.map -iC:/ti/mspm0_sdk_2_09_00_01/source -iC:/Users/huyvu/workspace_ccstheia/io_expander_i2c_host -iC:/Users/huyvu/workspace_ccstheia/io_expander_i2c_host/Debug/syscfg -iC:/ti/ccs2041/ccs/tools/compiler/ti-cgt-armllvm_4.0.4.LTS/lib --diag_wrap=off --display_error_number --warn_sections --xml_link_info=io_expander_i2c_host_linkInfo.xml --rom_model ./controller.o ./ti_msp_dl_config.o ./startup_mspm0c110x_ticlang.o ./Driver/SEGGER_RTT.o ./Driver/SEGGER_RTT_printf.o ./Driver/acc_sc7a20.o ./Driver/fm13dt160.o ./Driver/hdc302x.o ./Driver/mspm0_i2c_polling_safe.o ./NFC_ISO/fm13_t4t.o -l./device_linker.cmd -ldevice.cmd.genlibs -llibc.a --start-group -llibc++.a -llibc++abi.a -llibc.a -llibsys.a -llibsysbm.a -llibclang_rt.builtins.a -llibclang_rt.profile.a --end-group --cg_opt_level=2</command_line>
   <link_time>0x699dcafc</link_time>
   <link_errors>0x0</link_errors>
   <output_file>C:\Users\huyvu\workspace_ccstheia\io_expander_i2c_host\Debug\io_expander_i2c_host.out</output_file>
   <entry_point>
      <name>_c_int00_noargs</name>
      <address>0xf59</address>
   </entry_point>
   <input_file_list>
      <input_file id="fl-1">
         <path>C:\Users\huyvu\workspace_ccstheia\io_expander_i2c_host\Debug\.\</path>
         <kind>object</kind>
         <file>controller.o</file>
         <name>controller.o</name>
      </input_file>
      <input_file id="fl-2">
         <path>C:\Users\huyvu\workspace_ccstheia\io_expander_i2c_host\Debug\.\</path>
         <kind>object</kind>
         <file>ti_msp_dl_config.o</file>
         <name>ti_msp_dl_config.o</name>
      </input_file>
      <input_file id="fl-3">
         <path>C:\Users\huyvu\workspace_ccstheia\io_expander_i2c_host\Debug\.\</path>
         <kind>object</kind>
         <file>startup_mspm0c110x_ticlang.o</file>
         <name>startup_mspm0c110x_ticlang.o</name>
      </input_file>
      <input_file id="fl-4">
         <path>C:\Users\huyvu\workspace_ccstheia\io_expander_i2c_host\Debug\.\Driver\</path>
         <kind>object</kind>
         <file>SEGGER_RTT.o</file>
         <name>SEGGER_RTT.o</name>
      </input_file>
      <input_file id="fl-5">
         <path>C:\Users\huyvu\workspace_ccstheia\io_expander_i2c_host\Debug\.\Driver\</path>
         <kind>object</kind>
         <file>SEGGER_RTT_printf.o</file>
         <name>SEGGER_RTT_printf.o</name>
      </input_file>
      <input_file id="fl-6">
         <path>C:\Users\huyvu\workspace_ccstheia\io_expander_i2c_host\Debug\.\Driver\</path>
         <kind>object</kind>
         <file>acc_sc7a20.o</file>
         <name>acc_sc7a20.o</name>
      </input_file>
      <input_file id="fl-7">
         <path>C:\Users\huyvu\workspace_ccstheia\io_expander_i2c_host\Debug\.\Driver\</path>
         <kind>object</kind>
         <file>fm13dt160.o</file>
         <name>fm13dt160.o</name>
      </input_file>
      <input_file id="fl-8">
         <path>C:\Users\huyvu\workspace_ccstheia\io_expander_i2c_host\Debug\.\Driver\</path>
         <kind>object</kind>
         <file>hdc302x.o</file>
         <name>hdc302x.o</name>
      </input_file>
      <input_file id="fl-9">
         <path>C:\Users\huyvu\workspace_ccstheia\io_expander_i2c_host\Debug\.\Driver\</path>
         <kind>object</kind>
         <file>mspm0_i2c_polling_safe.o</file>
         <name>mspm0_i2c_polling_safe.o</name>
      </input_file>
      <input_file id="fl-a">
         <path>C:\Users\huyvu\workspace_ccstheia\io_expander_i2c_host\Debug\.\NFC_ISO\</path>
         <kind>object</kind>
         <file>fm13_t4t.o</file>
         <name>fm13_t4t.o</name>
      </input_file>
      <input_file id="fl-17">
         <path>C:\Users\huyvu\workspace_ccstheia\io_expander_i2c_host\Debug\</path>
         <kind>object</kind>
         <file>&lt;internal&gt;</file>
         <name>&lt;internal&gt;</name>
      </input_file>
      <input_file id="fl-18">
         <path>C:\ti\mspm0_sdk_2_09_00_01\source\ti\driverlib\lib\ticlang\m0p\mspm0c110x\</path>
         <kind>archive</kind>
         <file>driverlib.a</file>
         <name>dl_common.o</name>
      </input_file>
      <input_file id="fl-19">
         <path>C:\ti\mspm0_sdk_2_09_00_01\source\ti\driverlib\lib\ticlang\m0p\mspm0c110x\</path>
         <kind>archive</kind>
         <file>driverlib.a</file>
         <name>dl_i2c.o</name>
      </input_file>
      <input_file id="fl-30">
         <path>C:\ti\ccs2041\ccs\tools\compiler\ti-cgt-armllvm_4.0.4.LTS\lib\armv6m-ti-none-eabi\c\</path>
         <kind>archive</kind>
         <file>libc.a</file>
         <name>boot_cortex_m.c.obj</name>
      </input_file>
      <input_file id="fl-31">
         <path>C:\ti\ccs2041\ccs\tools\compiler\ti-cgt-armllvm_4.0.4.LTS\lib\armv6m-ti-none-eabi\c\</path>
         <kind>archive</kind>
         <file>libc.a</file>
         <name>mathacl_init.c.obj</name>
      </input_file>
      <input_file id="fl-32">
         <path>C:\ti\ccs2041\ccs\tools\compiler\ti-cgt-armllvm_4.0.4.LTS\lib\armv6m-ti-none-eabi\c\</path>
         <kind>archive</kind>
         <file>libc.a</file>
         <name>autoinit.c.obj</name>
      </input_file>
      <input_file id="fl-33">
         <path>C:\ti\ccs2041\ccs\tools\compiler\ti-cgt-armllvm_4.0.4.LTS\lib\armv6m-ti-none-eabi\c\</path>
         <kind>archive</kind>
         <file>libc.a</file>
         <name>pre_init.c.obj</name>
      </input_file>
      <input_file id="fl-34">
         <path>C:\ti\ccs2041\ccs\tools\compiler\ti-cgt-armllvm_4.0.4.LTS\lib\armv6m-ti-none-eabi\c\</path>
         <kind>archive</kind>
         <file>libc.a</file>
         <name>cpy_tbl.c.obj</name>
      </input_file>
      <input_file id="fl-35">
         <path>C:\ti\ccs2041\ccs\tools\compiler\ti-cgt-armllvm_4.0.4.LTS\lib\armv6m-ti-none-eabi\c\</path>
         <kind>archive</kind>
         <file>libc.a</file>
         <name>copy_zero_init.c.obj</name>
      </input_file>
      <input_file id="fl-36">
         <path>C:\ti\ccs2041\ccs\tools\compiler\ti-cgt-armllvm_4.0.4.LTS\lib\armv6m-ti-none-eabi\c\</path>
         <kind>archive</kind>
         <file>libc.a</file>
         <name>copy_decompress_none.c.obj</name>
      </input_file>
      <input_file id="fl-37">
         <path>C:\ti\ccs2041\ccs\tools\compiler\ti-cgt-armllvm_4.0.4.LTS\lib\armv6m-ti-none-eabi\c\</path>
         <kind>archive</kind>
         <file>libc.a</file>
         <name>copy_decompress_lzss.c.obj</name>
      </input_file>
      <input_file id="fl-38">
         <path>C:\ti\ccs2041\ccs\tools\compiler\ti-cgt-armllvm_4.0.4.LTS\lib\armv6m-ti-none-eabi\c\</path>
         <kind>archive</kind>
         <file>libc.a</file>
         <name>exit.c.obj</name>
      </input_file>
      <input_file id="fl-39">
         <path>C:\ti\ccs2041\ccs\tools\compiler\ti-cgt-armllvm_4.0.4.LTS\lib\armv6m-ti-none-eabi\c\</path>
         <kind>archive</kind>
         <file>libc.a</file>
         <name>_lock.c.obj</name>
      </input_file>
      <input_file id="fl-3a">
         <path>C:\ti\ccs2041\ccs\tools\compiler\ti-cgt-armllvm_4.0.4.LTS\lib\armv6m-ti-none-eabi\c\</path>
         <kind>archive</kind>
         <file>libc.a</file>
         <name>args_main.c.obj</name>
      </input_file>
      <input_file id="fl-da">
         <path>C:\ti\ccs2041\ccs\tools\compiler\ti-cgt-armllvm_4.0.4.LTS\lib\armv6m-ti-none-eabi\c\</path>
         <kind>archive</kind>
         <file>libsysbm.a</file>
         <name>hostexit.c.obj</name>
      </input_file>
      <input_file id="fl-db">
         <path>C:\ti\ccs2041\ccs\tools\compiler\ti-cgt-armllvm_4.0.4.LTS\lib\armv6m-ti-none-eabi\</path>
         <kind>archive</kind>
         <file>libclang_rt.builtins.a</file>
         <name>addsf3.S.obj</name>
      </input_file>
      <input_file id="fl-dc">
         <path>C:\ti\ccs2041\ccs\tools\compiler\ti-cgt-armllvm_4.0.4.LTS\lib\armv6m-ti-none-eabi\</path>
         <kind>archive</kind>
         <file>libclang_rt.builtins.a</file>
         <name>mulsf3.S.obj</name>
      </input_file>
      <input_file id="fl-dd">
         <path>C:\ti\ccs2041\ccs\tools\compiler\ti-cgt-armllvm_4.0.4.LTS\lib\armv6m-ti-none-eabi\</path>
         <kind>archive</kind>
         <file>libclang_rt.builtins.a</file>
         <name>divsf3.S.obj</name>
      </input_file>
      <input_file id="fl-de">
         <path>C:\ti\ccs2041\ccs\tools\compiler\ti-cgt-armllvm_4.0.4.LTS\lib\armv6m-ti-none-eabi\</path>
         <kind>archive</kind>
         <file>libclang_rt.builtins.a</file>
         <name>fixsfsi.S.obj</name>
      </input_file>
      <input_file id="fl-df">
         <path>C:\ti\ccs2041\ccs\tools\compiler\ti-cgt-armllvm_4.0.4.LTS\lib\armv6m-ti-none-eabi\</path>
         <kind>archive</kind>
         <file>libclang_rt.builtins.a</file>
         <name>floatsisf.S.obj</name>
      </input_file>
      <input_file id="fl-e0">
         <path>C:\ti\ccs2041\ccs\tools\compiler\ti-cgt-armllvm_4.0.4.LTS\lib\armv6m-ti-none-eabi\</path>
         <kind>archive</kind>
         <file>libclang_rt.builtins.a</file>
         <name>aeabi_memcpy.S.obj</name>
      </input_file>
      <input_file id="fl-e1">
         <path>C:\ti\ccs2041\ccs\tools\compiler\ti-cgt-armllvm_4.0.4.LTS\lib\armv6m-ti-none-eabi\</path>
         <kind>archive</kind>
         <file>libclang_rt.builtins.a</file>
         <name>aeabi_memset.S.obj</name>
      </input_file>
      <input_file id="fl-e2">
         <path>C:\ti\ccs2041\ccs\tools\compiler\ti-cgt-armllvm_4.0.4.LTS\lib\armv6m-ti-none-eabi\</path>
         <kind>archive</kind>
         <file>libclang_rt.builtins.a</file>
         <name>aeabi_uidivmod.S.obj</name>
      </input_file>
      <input_file id="fl-e3">
         <path>C:\ti\ccs2041\ccs\tools\compiler\ti-cgt-armllvm_4.0.4.LTS\lib\armv6m-ti-none-eabi\</path>
         <kind>archive</kind>
         <file>libclang_rt.builtins.a</file>
         <name>muldsi3.S.obj</name>
      </input_file>
      <input_file id="fl-e4">
         <path>C:\ti\ccs2041\ccs\tools\compiler\ti-cgt-armllvm_4.0.4.LTS\lib\armv6m-ti-none-eabi\</path>
         <kind>archive</kind>
         <file>libclang_rt.builtins.a</file>
         <name>aeabi_div0.c.obj</name>
      </input_file>
      <input_file id="fl-e5">
         <path>C:\ti\ccs2041\ccs\tools\compiler\ti-cgt-armllvm_4.0.4.LTS\lib\armv6m-ti-none-eabi\c\</path>
         <kind>archive</kind>
         <file>libc.a</file>
         <name>memcpy16.S.obj</name>
      </input_file>
      <input_file id="fl-e6">
         <path>C:\ti\ccs2041\ccs\tools\compiler\ti-cgt-armllvm_4.0.4.LTS\lib\armv6m-ti-none-eabi\c\</path>
         <kind>archive</kind>
         <file>libc.a</file>
         <name>memset16.S.obj</name>
      </input_file>
   </input_file_list>
   <object_component_list>
      <object_component id="oc-17">
         <name>.intvecs</name>
         <load_address>0x0</load_address>
         <readonly>true</readonly>
         <run_address>0x0</run_address>
         <size>0xc0</size>
         <alignment>0x4</alignment>
         <input_file_ref idref="fl-3"/>
      </object_component>
      <object_component id="oc-97">
         <name>.text.FM13DT160_WriteEEPROM</name>
         <load_address>0xc0</load_address>
         <readonly>true</readonly>
         <executable>true</executable>
         <run_address>0xc0</run_address>
         <size>0x224</size>
         <alignment>0x4</alignment>
         <input_file_ref idref="fl-7"/>
      </object_component>
      <object_component id="oc-e3">
         <name>.text.HDC302X_ReadTempRH_OnDemand</name>
         <load_address>0x2e4</load_address>
         <readonly>true</readonly>
         <executable>true</executable>
         <run_address>0x2e4</run_address>
         <size>0x1f4</size>
         <alignment>0x4</alignment>
         <input_file_ref idref="fl-8"/>
      </object_component>
      <object_component id="oc-6b">
         <name>.text.main</name>
         <load_address>0x4d8</load_address>
         <readonly>true</readonly>
         <executable>true</executable>
         <run_address>0x4d8</run_address>
         <size>0x178</size>
         <alignment>0x4</alignment>
         <input_file_ref idref="fl-1"/>
      </object_component>
      <object_component id="oc-9d">
         <name>.text.FM13DT160_ReadEEPROM</name>
         <load_address>0x650</load_address>
         <readonly>true</readonly>
         <executable>true</executable>
         <run_address>0x650</run_address>
         <size>0x138</size>
         <alignment>0x4</alignment>
         <input_file_ref idref="fl-7"/>
      </object_component>
      <object_component id="oc-de">
         <name>.text.MSPM0_I2C_Read</name>
         <load_address>0x788</load_address>
         <readonly>true</readonly>
         <executable>true</executable>
         <run_address>0x788</run_address>
         <size>0x138</size>
         <alignment>0x4</alignment>
         <input_file_ref idref="fl-9"/>
      </object_component>
      <object_component id="oc-d2">
         <name>.text.MSPM0_I2C_Write</name>
         <load_address>0x8c0</load_address>
         <readonly>true</readonly>
         <executable>true</executable>
         <run_address>0x8c0</run_address>
         <size>0x11c</size>
         <alignment>0x4</alignment>
         <input_file_ref idref="fl-9"/>
      </object_component>
      <object_component id="oc-110">
         <name>.text</name>
         <load_address>0x9dc</load_address>
         <readonly>true</readonly>
         <executable>true</executable>
         <run_address>0x9dc</run_address>
         <size>0xd8</size>
         <alignment>0x4</alignment>
         <input_file_ref idref="fl-db"/>
      </object_component>
      <object_component id="oc-7b">
         <name>.text:memcpy</name>
         <load_address>0xab4</load_address>
         <readonly>true</readonly>
         <executable>true</executable>
         <run_address>0xab4</run_address>
         <size>0x9a</size>
         <alignment>0x1</alignment>
         <input_file_ref idref="fl-e5"/>
      </object_component>
      <object_component id="oc-32">
         <name>.text.Default_Handler</name>
         <load_address>0xb4e</load_address>
         <readonly>true</readonly>
         <executable>true</executable>
         <run_address>0xb4e</run_address>
         <size>0x2</size>
         <alignment>0x2</alignment>
         <input_file_ref idref="fl-3"/>
      </object_component>
      <object_component id="oc-c4">
         <name>.text.SYSCFG_DL_GPIO_init</name>
         <load_address>0xb50</load_address>
         <readonly>true</readonly>
         <executable>true</executable>
         <run_address>0xb50</run_address>
         <size>0x90</size>
         <alignment>0x4</alignment>
         <input_file_ref idref="fl-2"/>
      </object_component>
      <object_component id="oc-108">
         <name>.text.__mulsf3</name>
         <load_address>0xbe0</load_address>
         <readonly>true</readonly>
         <executable>true</executable>
         <run_address>0xbe0</run_address>
         <size>0x8c</size>
         <alignment>0x4</alignment>
         <input_file_ref idref="fl-dc"/>
      </object_component>
      <object_component id="oc-10c">
         <name>.text.__divsf3</name>
         <load_address>0xc6c</load_address>
         <readonly>true</readonly>
         <executable>true</executable>
         <run_address>0xc6c</run_address>
         <size>0x82</size>
         <alignment>0x4</alignment>
         <input_file_ref idref="fl-dd"/>
      </object_component>
      <object_component id="oc-39">
         <name>.text.I2C0_IRQHandler</name>
         <load_address>0xcee</load_address>
         <readonly>true</readonly>
         <executable>true</executable>
         <run_address>0xcee</run_address>
         <size>0x2</size>
         <alignment>0x2</alignment>
         <input_file_ref idref="fl-1"/>
      </object_component>
      <object_component id="oc-85">
         <name>.text.SEGGER_RTT_Init</name>
         <load_address>0xcf0</load_address>
         <readonly>true</readonly>
         <executable>true</executable>
         <run_address>0xcf0</run_address>
         <size>0x74</size>
         <alignment>0x4</alignment>
         <input_file_ref idref="fl-4"/>
      </object_component>
      <object_component id="oc-c7">
         <name>.text.SYSCFG_DL_I2C_init</name>
         <load_address>0xd64</load_address>
         <readonly>true</readonly>
         <executable>true</executable>
         <run_address>0xd64</run_address>
         <size>0x58</size>
         <alignment>0x4</alignment>
         <input_file_ref idref="fl-2"/>
      </object_component>
      <object_component id="oc-90">
         <name>.text.HDC302X_Init</name>
         <load_address>0xdbc</load_address>
         <readonly>true</readonly>
         <executable>true</executable>
         <run_address>0xdbc</run_address>
         <size>0x44</size>
         <alignment>0x4</alignment>
         <input_file_ref idref="fl-8"/>
      </object_component>
      <object_component id="oc-da">
         <name>.text.__aeabi_uidivmod</name>
         <load_address>0xe00</load_address>
         <readonly>true</readonly>
         <executable>true</executable>
         <run_address>0xe00</run_address>
         <size>0x40</size>
         <alignment>0x4</alignment>
         <input_file_ref idref="fl-e2"/>
      </object_component>
      <object_component id="oc-104">
         <name>.text.__floatsisf</name>
         <load_address>0xe40</load_address>
         <readonly>true</readonly>
         <executable>true</executable>
         <run_address>0xe40</run_address>
         <size>0x3c</size>
         <alignment>0x4</alignment>
         <input_file_ref idref="fl-df"/>
      </object_component>
      <object_component id="oc-aa">
         <name>.text:__TI_auto_init_nobinit_nopinit</name>
         <load_address>0xe7c</load_address>
         <readonly>true</readonly>
         <executable>true</executable>
         <run_address>0xe7c</run_address>
         <size>0x3c</size>
         <alignment>0x4</alignment>
         <input_file_ref idref="fl-32"/>
      </object_component>
      <object_component id="oc-125">
         <name>.text.__muldsi3</name>
         <load_address>0xeb8</load_address>
         <readonly>true</readonly>
         <executable>true</executable>
         <run_address>0xeb8</run_address>
         <size>0x3a</size>
         <alignment>0x4</alignment>
         <input_file_ref idref="fl-e3"/>
      </object_component>
      <object_component id="oc-fe">
         <name>.text.__aeabi_idiv0</name>
         <load_address>0xef2</load_address>
         <readonly>true</readonly>
         <executable>true</executable>
         <run_address>0xef2</run_address>
         <size>0x2</size>
         <alignment>0x2</alignment>
         <input_file_ref idref="fl-e4"/>
      </object_component>
      <object_component id="oc-c5">
         <name>.text.SYSCFG_DL_SYSCTL_init</name>
         <load_address>0xef4</load_address>
         <readonly>true</readonly>
         <executable>true</executable>
         <run_address>0xef4</run_address>
         <size>0x38</size>
         <alignment>0x4</alignment>
         <input_file_ref idref="fl-2"/>
      </object_component>
      <object_component id="oc-c3">
         <name>.text.SYSCFG_DL_initPower</name>
         <load_address>0xf2c</load_address>
         <readonly>true</readonly>
         <executable>true</executable>
         <run_address>0xf2c</run_address>
         <size>0x2c</size>
         <alignment>0x4</alignment>
         <input_file_ref idref="fl-2"/>
      </object_component>
      <object_component id="oc-55">
         <name>.text:_c_int00_noargs</name>
         <load_address>0xf58</load_address>
         <readonly>true</readonly>
         <executable>true</executable>
         <run_address>0xf58</run_address>
         <size>0x28</size>
         <alignment>0x4</alignment>
         <input_file_ref idref="fl-30"/>
      </object_component>
      <object_component id="oc-f5">
         <name>.text.DL_I2C_setClockConfig</name>
         <load_address>0xf80</load_address>
         <readonly>true</readonly>
         <executable>true</executable>
         <run_address>0xf80</run_address>
         <size>0x26</size>
         <alignment>0x2</alignment>
         <input_file_ref idref="fl-19"/>
      </object_component>
      <object_component id="oc-8b">
         <name>.text.FM13DT160_PowerOff</name>
         <load_address>0xfa8</load_address>
         <readonly>true</readonly>
         <executable>true</executable>
         <run_address>0xfa8</run_address>
         <size>0x1c</size>
         <alignment>0x4</alignment>
         <input_file_ref idref="fl-7"/>
      </object_component>
      <object_component id="oc-96">
         <name>.text.FM13DT160_PowerOn</name>
         <load_address>0xfc4</load_address>
         <readonly>true</readonly>
         <executable>true</executable>
         <run_address>0xfc4</run_address>
         <size>0x1c</size>
         <alignment>0x4</alignment>
         <input_file_ref idref="fl-7"/>
      </object_component>
      <object_component id="oc-33">
         <name>.text.GPIOA_IRQHandler</name>
         <load_address>0xfe0</load_address>
         <readonly>true</readonly>
         <executable>true</executable>
         <run_address>0xfe0</run_address>
         <size>0x1c</size>
         <alignment>0x4</alignment>
         <input_file_ref idref="fl-1"/>
      </object_component>
      <object_component id="oc-4c">
         <name>.text:decompress:ZI:__TI_zero_init_nomemset</name>
         <load_address>0xffc</load_address>
         <readonly>true</readonly>
         <executable>true</executable>
         <run_address>0xffc</run_address>
         <size>0x16</size>
         <alignment>0x2</alignment>
         <input_file_ref idref="fl-35"/>
      </object_component>
      <object_component id="oc-80">
         <name>.text.SYSCFG_DL_init</name>
         <load_address>0x1012</load_address>
         <readonly>true</readonly>
         <executable>true</executable>
         <run_address>0x1012</run_address>
         <size>0x14</size>
         <alignment>0x2</alignment>
         <input_file_ref idref="fl-2"/>
      </object_component>
      <object_component id="oc-9e">
         <name>.text.HDC302X_ReadTempRH</name>
         <load_address>0x1026</load_address>
         <readonly>true</readonly>
         <executable>true</executable>
         <run_address>0x1026</run_address>
         <size>0xc</size>
         <alignment>0x2</alignment>
         <input_file_ref idref="fl-8"/>
      </object_component>
      <object_component id="oc-99">
         <name>.text.DL_Common_delayCycles</name>
         <load_address>0x1032</load_address>
         <readonly>true</readonly>
         <executable>true</executable>
         <run_address>0x1032</run_address>
         <size>0xa</size>
         <alignment>0x2</alignment>
         <input_file_ref idref="fl-18"/>
      </object_component>
      <object_component id="oc-45">
         <name>.text.__aeabi_memcpy</name>
         <load_address>0x103c</load_address>
         <readonly>true</readonly>
         <executable>true</executable>
         <run_address>0x103c</run_address>
         <size>0x8</size>
         <alignment>0x4</alignment>
         <input_file_ref idref="fl-e0"/>
      </object_component>
      <object_component id="oc-a3">
         <name>.text:abort</name>
         <load_address>0x1044</load_address>
         <readonly>true</readonly>
         <executable>true</executable>
         <run_address>0x1044</run_address>
         <size>0x6</size>
         <alignment>0x2</alignment>
         <input_file_ref idref="fl-38"/>
      </object_component>
      <object_component id="oc-e4">
         <name>.text.HOSTexit</name>
         <load_address>0x104a</load_address>
         <readonly>true</readonly>
         <executable>true</executable>
         <run_address>0x104a</run_address>
         <size>0x4</size>
         <alignment>0x2</alignment>
         <input_file_ref idref="fl-da"/>
      </object_component>
      <object_component id="oc-2e">
         <name>.text.Reset_Handler</name>
         <load_address>0x104e</load_address>
         <readonly>true</readonly>
         <executable>true</executable>
         <run_address>0x104e</run_address>
         <size>0x4</size>
         <alignment>0x2</alignment>
         <input_file_ref idref="fl-3"/>
      </object_component>
      <object_component id="oc-67">
         <name>.text._system_pre_init</name>
         <load_address>0x1052</load_address>
         <readonly>true</readonly>
         <executable>true</executable>
         <run_address>0x1052</run_address>
         <size>0x4</size>
         <alignment>0x2</alignment>
         <input_file_ref idref="fl-33"/>
      </object_component>
      <object_component id="oc-16d">
         <name>.cinit..bss.load</name>
         <load_address>0x1080</load_address>
         <readonly>true</readonly>
         <run_address>0x1080</run_address>
         <size>0x8</size>
         <alignment>0x4</alignment>
      </object_component>
      <object_component id="oc-16b">
         <name>__TI_handler_table</name>
         <load_address>0x1088</load_address>
         <readonly>true</readonly>
         <run_address>0x1088</run_address>
         <size>0x4</size>
         <alignment>0x4</alignment>
      </object_component>
      <object_component id="oc-16c">
         <name>__TI_cinit_table</name>
         <load_address>0x108c</load_address>
         <readonly>true</readonly>
         <run_address>0x108c</run_address>
         <size>0x8</size>
         <alignment>0x4</alignment>
      </object_component>
      <object_component id="oc-9f">
         <name>.rodata..L__const.fm13_write_hello.ndef_2_records</name>
         <load_address>0x1058</load_address>
         <readonly>true</readonly>
         <run_address>0x1058</run_address>
         <size>0x1b</size>
         <alignment>0x4</alignment>
         <input_file_ref idref="fl-1"/>
      </object_component>
      <object_component id="oc-cb">
         <name>.rodata.str1.1347869369698290154.1</name>
         <load_address>0x1073</load_address>
         <readonly>true</readonly>
         <run_address>0x1073</run_address>
         <size>0x9</size>
         <alignment>0x1</alignment>
         <input_file_ref idref="fl-4"/>
      </object_component>
      <object_component id="oc-fb">
         <name>.rodata.gI2CClockConfig</name>
         <load_address>0x107c</load_address>
         <readonly>true</readonly>
         <run_address>0x107c</run_address>
         <size>0x2</size>
         <alignment>0x1</alignment>
         <input_file_ref idref="fl-2"/>
      </object_component>
      <object_component id="oc-136">
         <name>.binit</name>
         <load_address>0x0</load_address>
         <readonly>true</readonly>
         <run_address>0x0</run_address>
         <size>0x0</size>
         <alignment>0x4</alignment>
      </object_component>
      <object_component id="oc-a0">
         <name>.bss.verify_buf</name>
         <uninitialized>true</uninitialized>
         <readwrite>true</readwrite>
         <run_address>0x200000d4</run_address>
         <size>0x20</size>
         <alignment>0x1</alignment>
         <input_file_ref idref="fl-1"/>
      </object_component>
      <object_component id="oc-cc">
         <name>.bss._acUpBuffer</name>
         <uninitialized>true</uninitialized>
         <readwrite>true</readwrite>
         <run_address>0x20000064</run_address>
         <size>0x40</size>
         <alignment>0x1</alignment>
         <input_file_ref idref="fl-4"/>
      </object_component>
      <object_component id="oc-cd">
         <name>.bss._acDownBuffer</name>
         <uninitialized>true</uninitialized>
         <readwrite>true</readwrite>
         <run_address>0x200000f4</run_address>
         <size>0x10</size>
         <alignment>0x1</alignment>
         <input_file_ref idref="fl-4"/>
      </object_component>
      <object_component id="oc-a1">
         <name>.common:temp</name>
         <uninitialized>true</uninitialized>
         <readwrite>true</readwrite>
         <run_address>0x20000108</run_address>
         <size>0x4</size>
         <alignment>0x4</alignment>
      </object_component>
      <object_component id="oc-a2">
         <name>.common:rh</name>
         <uninitialized>true</uninitialized>
         <readwrite>true</readwrite>
         <run_address>0x20000104</run_address>
         <size>0x4</size>
         <alignment>0x4</alignment>
      </object_component>
      <object_component id="oc-ca">
         <name>.common:_SEGGER_RTT</name>
         <uninitialized>true</uninitialized>
         <readwrite>true</readwrite>
         <run_address>0x200000a4</run_address>
         <size>0x30</size>
         <alignment>0x4</alignment>
      </object_component>
      <object_component id="oc-df">
         <name>.common:rx_dummy</name>
         <uninitialized>true</uninitialized>
         <readwrite>true</readwrite>
         <run_address>0x20000000</run_address>
         <size>0x64</size>
         <alignment>0x1</alignment>
      </object_component>
      <object_component id="oc-19">
         <name>.stack</name>
         <uninitialized>true</uninitialized>
         <readwrite>true</readwrite>
         <run_address>0x200003c0</run_address>
         <size>0x4</size>
         <alignment>0x4</alignment>
         <input_file_ref idref="fl-30"/>
      </object_component>
      <object_component id="oc-16f">
         <name>.stack</name>
         <uninitialized>true</uninitialized>
         <readwrite>true</readwrite>
         <run_address>0x200003c0</run_address>
         <size>0x0</size>
         <alignment>0x8</alignment>
      </object_component>
      <object_component id="oc-37">
         <name>.debug_loc</name>
         <load_address>0x0</load_address>
         <run_address>0x0</run_address>
         <size>0x3f5</size>
         <alignment>0x1</alignment>
         <input_file_ref idref="fl-1"/>
      </object_component>
      <object_component id="oc-c6">
         <name>.debug_loc</name>
         <load_address>0x3f5</load_address>
         <run_address>0x3f5</run_address>
         <size>0x6c</size>
         <alignment>0x1</alignment>
         <input_file_ref idref="fl-2"/>
      </object_component>
      <object_component id="oc-86">
         <name>.debug_loc</name>
         <load_address>0x461</load_address>
         <run_address>0x461</run_address>
         <size>0x39f8</size>
         <alignment>0x1</alignment>
         <input_file_ref idref="fl-4"/>
      </object_component>
      <object_component id="oc-98">
         <name>.debug_loc</name>
         <load_address>0x3e59</load_address>
         <run_address>0x3e59</run_address>
         <size>0x7e2</size>
         <alignment>0x1</alignment>
         <input_file_ref idref="fl-7"/>
      </object_component>
      <object_component id="oc-92">
         <name>.debug_loc</name>
         <load_address>0x463b</load_address>
         <run_address>0x463b</run_address>
         <size>0x70d</size>
         <alignment>0x1</alignment>
         <input_file_ref idref="fl-8"/>
      </object_component>
      <object_component id="oc-d4">
         <name>.debug_loc</name>
         <load_address>0x4d48</load_address>
         <run_address>0x4d48</run_address>
         <size>0x93c</size>
         <alignment>0x1</alignment>
         <input_file_ref idref="fl-9"/>
      </object_component>
      <object_component id="oc-e2">
         <name>.debug_loc</name>
         <load_address>0x5684</load_address>
         <run_address>0x5684</run_address>
         <size>0x13</size>
         <alignment>0x1</alignment>
         <input_file_ref idref="fl-18"/>
      </object_component>
      <object_component id="oc-f6">
         <name>.debug_loc</name>
         <load_address>0x5697</load_address>
         <run_address>0x5697</run_address>
         <size>0x37a</size>
         <alignment>0x1</alignment>
         <input_file_ref idref="fl-19"/>
      </object_component>
      <object_component id="oc-40">
         <name>.debug_loc</name>
         <load_address>0x5a11</load_address>
         <run_address>0x5a11</run_address>
         <size>0xd8</size>
         <alignment>0x1</alignment>
         <input_file_ref idref="fl-30"/>
      </object_component>
      <object_component id="oc-af">
         <name>.debug_loc</name>
         <load_address>0x5ae9</load_address>
         <run_address>0x5ae9</run_address>
         <size>0x424</size>
         <alignment>0x1</alignment>
         <input_file_ref idref="fl-32"/>
      </object_component>
      <object_component id="oc-4e">
         <name>.debug_loc</name>
         <load_address>0x5f0d</load_address>
         <run_address>0x5f0d</run_address>
         <size>0x16c</size>
         <alignment>0x1</alignment>
         <input_file_ref idref="fl-35"/>
      </object_component>
      <object_component id="oc-a9">
         <name>.debug_loc</name>
         <load_address>0x6079</load_address>
         <run_address>0x6079</run_address>
         <size>0x26</size>
         <alignment>0x1</alignment>
         <input_file_ref idref="fl-38"/>
      </object_component>
      <object_component id="oc-123">
         <name>.debug_loc</name>
         <load_address>0x609f</load_address>
         <run_address>0x609f</run_address>
         <size>0x20</size>
         <alignment>0x1</alignment>
         <input_file_ref idref="fl-e4"/>
      </object_component>
      <object_component id="oc-5c">
         <name>.debug_abbrev</name>
         <load_address>0x0</load_address>
         <run_address>0x0</run_address>
         <size>0x223</size>
         <alignment>0x1</alignment>
         <input_file_ref idref="fl-1"/>
      </object_component>
      <object_component id="oc-c8">
         <name>.debug_abbrev</name>
         <load_address>0x223</load_address>
         <run_address>0x223</run_address>
         <size>0x1d1</size>
         <alignment>0x1</alignment>
         <input_file_ref idref="fl-2"/>
      </object_component>
      <object_component id="oc-3a">
         <name>.debug_abbrev</name>
         <load_address>0x3f4</load_address>
         <run_address>0x3f4</run_address>
         <size>0x6d</size>
         <alignment>0x1</alignment>
         <input_file_ref idref="fl-3"/>
      </object_component>
      <object_component id="oc-ce">
         <name>.debug_abbrev</name>
         <load_address>0x461</load_address>
         <run_address>0x461</run_address>
         <size>0x227</size>
         <alignment>0x1</alignment>
         <input_file_ref idref="fl-4"/>
      </object_component>
      <object_component id="oc-d0">
         <name>.debug_abbrev</name>
         <load_address>0x688</load_address>
         <run_address>0x688</run_address>
         <size>0x19b</size>
         <alignment>0x1</alignment>
         <input_file_ref idref="fl-7"/>
      </object_component>
      <object_component id="oc-d8">
         <name>.debug_abbrev</name>
         <load_address>0x823</load_address>
         <run_address>0x823</run_address>
         <size>0x11d</size>
         <alignment>0x1</alignment>
         <input_file_ref idref="fl-8"/>
      </object_component>
      <object_component id="oc-fc">
         <name>.debug_abbrev</name>
         <load_address>0x940</load_address>
         <run_address>0x940</run_address>
         <size>0x1fc</size>
         <alignment>0x1</alignment>
         <input_file_ref idref="fl-9"/>
      </object_component>
      <object_component id="oc-e0">
         <name>.debug_abbrev</name>
         <load_address>0xb3c</load_address>
         <run_address>0xb3c</run_address>
         <size>0x62</size>
         <alignment>0x1</alignment>
         <input_file_ref idref="fl-18"/>
      </object_component>
      <object_component id="oc-11f">
         <name>.debug_abbrev</name>
         <load_address>0xb9e</load_address>
         <run_address>0xb9e</run_address>
         <size>0x1e7</size>
         <alignment>0x1</alignment>
         <input_file_ref idref="fl-19"/>
      </object_component>
      <object_component id="oc-3c">
         <name>.debug_abbrev</name>
         <load_address>0xd85</load_address>
         <run_address>0xd85</run_address>
         <size>0xaf</size>
         <alignment>0x1</alignment>
         <input_file_ref idref="fl-30"/>
      </object_component>
      <object_component id="oc-ee">
         <name>.debug_abbrev</name>
         <load_address>0xe34</load_address>
         <run_address>0xe34</run_address>
         <size>0x170</size>
         <alignment>0x1</alignment>
         <input_file_ref idref="fl-32"/>
      </object_component>
      <object_component id="oc-7e">
         <name>.debug_abbrev</name>
         <load_address>0xfa4</load_address>
         <run_address>0xfa4</run_address>
         <size>0x39</size>
         <alignment>0x1</alignment>
         <input_file_ref idref="fl-33"/>
      </object_component>
      <object_component id="oc-60">
         <name>.debug_abbrev</name>
         <load_address>0xfdd</load_address>
         <run_address>0xfdd</run_address>
         <size>0xc2</size>
         <alignment>0x1</alignment>
         <input_file_ref idref="fl-35"/>
      </object_component>
      <object_component id="oc-e8">
         <name>.debug_abbrev</name>
         <load_address>0x109f</load_address>
         <run_address>0x109f</run_address>
         <size>0x98</size>
         <alignment>0x1</alignment>
         <input_file_ref idref="fl-38"/>
      </object_component>
      <object_component id="oc-114">
         <name>.debug_abbrev</name>
         <load_address>0x1137</load_address>
         <run_address>0x1137</run_address>
         <size>0x2c</size>
         <alignment>0x1</alignment>
         <input_file_ref idref="fl-da"/>
      </object_component>
      <object_component id="oc-12b">
         <name>.debug_abbrev</name>
         <load_address>0x1163</load_address>
         <run_address>0x1163</run_address>
         <size>0x27</size>
         <alignment>0x1</alignment>
         <input_file_ref idref="fl-db"/>
      </object_component>
      <object_component id="oc-129">
         <name>.debug_abbrev</name>
         <load_address>0x118a</load_address>
         <run_address>0x118a</run_address>
         <size>0x27</size>
         <alignment>0x1</alignment>
         <input_file_ref idref="fl-dc"/>
      </object_component>
      <object_component id="oc-12a">
         <name>.debug_abbrev</name>
         <load_address>0x11b1</load_address>
         <run_address>0x11b1</run_address>
         <size>0x27</size>
         <alignment>0x1</alignment>
         <input_file_ref idref="fl-dd"/>
      </object_component>
      <object_component id="oc-124">
         <name>.debug_abbrev</name>
         <load_address>0x11d8</load_address>
         <run_address>0x11d8</run_address>
         <size>0x27</size>
         <alignment>0x1</alignment>
         <input_file_ref idref="fl-df"/>
      </object_component>
      <object_component id="oc-5f">
         <name>.debug_abbrev</name>
         <load_address>0x11ff</load_address>
         <run_address>0x11ff</run_address>
         <size>0x27</size>
         <alignment>0x1</alignment>
         <input_file_ref idref="fl-e0"/>
      </object_component>
      <object_component id="oc-103">
         <name>.debug_abbrev</name>
         <load_address>0x1226</load_address>
         <run_address>0x1226</run_address>
         <size>0x27</size>
         <alignment>0x1</alignment>
         <input_file_ref idref="fl-e2"/>
      </object_component>
      <object_component id="oc-12c">
         <name>.debug_abbrev</name>
         <load_address>0x124d</load_address>
         <run_address>0x124d</run_address>
         <size>0x27</size>
         <alignment>0x1</alignment>
         <input_file_ref idref="fl-e3"/>
      </object_component>
      <object_component id="oc-121">
         <name>.debug_abbrev</name>
         <load_address>0x1274</load_address>
         <run_address>0x1274</run_address>
         <size>0x59</size>
         <alignment>0x1</alignment>
         <input_file_ref idref="fl-e4"/>
      </object_component>
      <object_component id="oc-bc">
         <name>.debug_abbrev</name>
         <load_address>0x12cd</load_address>
         <run_address>0x12cd</run_address>
         <size>0x25</size>
         <alignment>0x1</alignment>
         <input_file_ref idref="fl-e5"/>
      </object_component>
      <object_component id="oc-171">
         <name>.debug_abbrev</name>
         <load_address>0x12f2</load_address>
         <run_address>0x12f2</run_address>
         <size>0xf</size>
         <alignment>0x0</alignment>
      </object_component>
      <object_component id="oc-34">
         <name>.debug_info</name>
         <load_address>0x0</load_address>
         <run_address>0x0</run_address>
         <size>0xe76</size>
         <alignment>0x1</alignment>
         <input_file_ref idref="fl-1"/>
      </object_component>
      <object_component id="oc-83">
         <name>.debug_info</name>
         <load_address>0xe76</load_address>
         <run_address>0xe76</run_address>
         <size>0x1e6f</size>
         <alignment>0x1</alignment>
         <input_file_ref idref="fl-2"/>
      </object_component>
      <object_component id="oc-18">
         <name>.debug_info</name>
         <load_address>0x2ce5</load_address>
         <run_address>0x2ce5</run_address>
         <size>0x80</size>
         <alignment>0x1</alignment>
         <input_file_ref idref="fl-3"/>
      </object_component>
      <object_component id="oc-87">
         <name>.debug_info</name>
         <load_address>0x2d65</load_address>
         <run_address>0x2d65</run_address>
         <size>0x1d71</size>
         <alignment>0x1</alignment>
         <input_file_ref idref="fl-4"/>
      </object_component>
      <object_component id="oc-8f">
         <name>.debug_info</name>
         <load_address>0x4ad6</load_address>
         <run_address>0x4ad6</run_address>
         <size>0x9c5</size>
         <alignment>0x1</alignment>
         <input_file_ref idref="fl-7"/>
      </object_component>
      <object_component id="oc-91">
         <name>.debug_info</name>
         <load_address>0x549b</load_address>
         <run_address>0x549b</run_address>
         <size>0x3ae</size>
         <alignment>0x1</alignment>
         <input_file_ref idref="fl-8"/>
      </object_component>
      <object_component id="oc-d6">
         <name>.debug_info</name>
         <load_address>0x5849</load_address>
         <run_address>0x5849</run_address>
         <size>0xdbe</size>
         <alignment>0x1</alignment>
         <input_file_ref idref="fl-9"/>
      </object_component>
      <object_component id="oc-9a">
         <name>.debug_info</name>
         <load_address>0x6607</load_address>
         <run_address>0x6607</run_address>
         <size>0x75</size>
         <alignment>0x1</alignment>
         <input_file_ref idref="fl-18"/>
      </object_component>
      <object_component id="oc-f7">
         <name>.debug_info</name>
         <load_address>0x667c</load_address>
         <run_address>0x667c</run_address>
         <size>0xcd0</size>
         <alignment>0x1</alignment>
         <input_file_ref idref="fl-19"/>
      </object_component>
      <object_component id="oc-1a">
         <name>.debug_info</name>
         <load_address>0x734c</load_address>
         <run_address>0x734c</run_address>
         <size>0x423</size>
         <alignment>0x1</alignment>
         <input_file_ref idref="fl-30"/>
      </object_component>
      <object_component id="oc-ae">
         <name>.debug_info</name>
         <load_address>0x776f</load_address>
         <run_address>0x776f</run_address>
         <size>0x744</size>
         <alignment>0x1</alignment>
         <input_file_ref idref="fl-32"/>
      </object_component>
      <object_component id="oc-69">
         <name>.debug_info</name>
         <load_address>0x7eb3</load_address>
         <run_address>0x7eb3</run_address>
         <size>0x46</size>
         <alignment>0x1</alignment>
         <input_file_ref idref="fl-33"/>
      </object_component>
      <object_component id="oc-50">
         <name>.debug_info</name>
         <load_address>0x7ef9</load_address>
         <run_address>0x7ef9</run_address>
         <size>0x192</size>
         <alignment>0x1</alignment>
         <input_file_ref idref="fl-35"/>
      </object_component>
      <object_component id="oc-a5">
         <name>.debug_info</name>
         <load_address>0x808b</load_address>
         <run_address>0x808b</run_address>
         <size>0xf8</size>
         <alignment>0x1</alignment>
         <input_file_ref idref="fl-38"/>
      </object_component>
      <object_component id="oc-e5">
         <name>.debug_info</name>
         <load_address>0x8183</load_address>
         <run_address>0x8183</run_address>
         <size>0x3b</size>
         <alignment>0x1</alignment>
         <input_file_ref idref="fl-da"/>
      </object_component>
      <object_component id="oc-111">
         <name>.debug_info</name>
         <load_address>0x81be</load_address>
         <run_address>0x81be</run_address>
         <size>0x199</size>
         <alignment>0x1</alignment>
         <input_file_ref idref="fl-db"/>
      </object_component>
      <object_component id="oc-10a">
         <name>.debug_info</name>
         <load_address>0x8357</load_address>
         <run_address>0x8357</run_address>
         <size>0x17f</size>
         <alignment>0x1</alignment>
         <input_file_ref idref="fl-dc"/>
      </object_component>
      <object_component id="oc-10d">
         <name>.debug_info</name>
         <load_address>0x84d6</load_address>
         <run_address>0x84d6</run_address>
         <size>0x17f</size>
         <alignment>0x1</alignment>
         <input_file_ref idref="fl-dd"/>
      </object_component>
      <object_component id="oc-105">
         <name>.debug_info</name>
         <load_address>0x8655</load_address>
         <run_address>0x8655</run_address>
         <size>0x185</size>
         <alignment>0x1</alignment>
         <input_file_ref idref="fl-df"/>
      </object_component>
      <object_component id="oc-46">
         <name>.debug_info</name>
         <load_address>0x87da</load_address>
         <run_address>0x87da</run_address>
         <size>0x18b</size>
         <alignment>0x1</alignment>
         <input_file_ref idref="fl-e0"/>
      </object_component>
      <object_component id="oc-db">
         <name>.debug_info</name>
         <load_address>0x8965</load_address>
         <run_address>0x8965</run_address>
         <size>0x1ae</size>
         <alignment>0x1</alignment>
         <input_file_ref idref="fl-e2"/>
      </object_component>
      <object_component id="oc-126">
         <name>.debug_info</name>
         <load_address>0x8b13</load_address>
         <run_address>0x8b13</run_address>
         <size>0x181</size>
         <alignment>0x1</alignment>
         <input_file_ref idref="fl-e3"/>
      </object_component>
      <object_component id="oc-101">
         <name>.debug_info</name>
         <load_address>0x8c94</load_address>
         <run_address>0x8c94</run_address>
         <size>0x85</size>
         <alignment>0x1</alignment>
         <input_file_ref idref="fl-e4"/>
      </object_component>
      <object_component id="oc-78">
         <name>.debug_info</name>
         <load_address>0x8d19</load_address>
         <run_address>0x8d19</run_address>
         <size>0x2f3</size>
         <alignment>0x1</alignment>
         <input_file_ref idref="fl-e5"/>
      </object_component>
      <object_component id="oc-170">
         <name>.debug_info</name>
         <load_address>0x900c</load_address>
         <run_address>0x900c</run_address>
         <size>0xb0</size>
         <alignment>0x0</alignment>
      </object_component>
      <object_component id="oc-35">
         <name>.debug_ranges</name>
         <load_address>0x0</load_address>
         <run_address>0x0</run_address>
         <size>0x88</size>
         <alignment>0x1</alignment>
         <input_file_ref idref="fl-1"/>
      </object_component>
      <object_component id="oc-82">
         <name>.debug_ranges</name>
         <load_address>0x88</load_address>
         <run_address>0x88</run_address>
         <size>0x30</size>
         <alignment>0x1</alignment>
         <input_file_ref idref="fl-2"/>
      </object_component>
      <object_component id="oc-30">
         <name>.debug_ranges</name>
         <load_address>0xb8</load_address>
         <run_address>0xb8</run_address>
         <size>0x18</size>
         <alignment>0x1</alignment>
         <input_file_ref idref="fl-3"/>
      </object_component>
      <object_component id="oc-88">
         <name>.debug_ranges</name>
         <load_address>0xd0</load_address>
         <run_address>0xd0</run_address>
         <size>0x1f0</size>
         <alignment>0x1</alignment>
         <input_file_ref idref="fl-4"/>
      </object_component>
      <object_component id="oc-8c">
         <name>.debug_ranges</name>
         <load_address>0x2c0</load_address>
         <run_address>0x2c0</run_address>
         <size>0xa8</size>
         <alignment>0x1</alignment>
         <input_file_ref idref="fl-7"/>
      </object_component>
      <object_component id="oc-93">
         <name>.debug_ranges</name>
         <load_address>0x368</load_address>
         <run_address>0x368</run_address>
         <size>0x70</size>
         <alignment>0x1</alignment>
         <input_file_ref idref="fl-8"/>
      </object_component>
      <object_component id="oc-d7">
         <name>.debug_ranges</name>
         <load_address>0x3d8</load_address>
         <run_address>0x3d8</run_address>
         <size>0x3a8</size>
         <alignment>0x1</alignment>
         <input_file_ref idref="fl-9"/>
      </object_component>
      <object_component id="oc-f8">
         <name>.debug_ranges</name>
         <load_address>0x780</load_address>
         <run_address>0x780</run_address>
         <size>0x1f8</size>
         <alignment>0x1</alignment>
         <input_file_ref idref="fl-19"/>
      </object_component>
      <object_component id="oc-3f">
         <name>.debug_ranges</name>
         <load_address>0x978</load_address>
         <run_address>0x978</run_address>
         <size>0x48</size>
         <alignment>0x1</alignment>
         <input_file_ref idref="fl-30"/>
      </object_component>
      <object_component id="oc-ab">
         <name>.debug_ranges</name>
         <load_address>0x9c0</load_address>
         <run_address>0x9c0</run_address>
         <size>0x48</size>
         <alignment>0x1</alignment>
         <input_file_ref idref="fl-32"/>
      </object_component>
      <object_component id="oc-4f">
         <name>.debug_ranges</name>
         <load_address>0xa08</load_address>
         <run_address>0xa08</run_address>
         <size>0x18</size>
         <alignment>0x1</alignment>
         <input_file_ref idref="fl-35"/>
      </object_component>
      <object_component id="oc-a6">
         <name>.debug_ranges</name>
         <load_address>0xa20</load_address>
         <run_address>0xa20</run_address>
         <size>0x18</size>
         <alignment>0x1</alignment>
         <input_file_ref idref="fl-38"/>
      </object_component>
      <object_component id="oc-100">
         <name>.debug_ranges</name>
         <load_address>0xa38</load_address>
         <run_address>0xa38</run_address>
         <size>0x18</size>
         <alignment>0x1</alignment>
         <input_file_ref idref="fl-e4"/>
      </object_component>
      <object_component id="oc-7a">
         <name>.debug_ranges</name>
         <load_address>0xa50</load_address>
         <run_address>0xa50</run_address>
         <size>0x28</size>
         <alignment>0x1</alignment>
         <input_file_ref idref="fl-e5"/>
      </object_component>
      <object_component id="oc-5d">
         <name>.debug_str</name>
         <load_address>0x0</load_address>
         <run_address>0x0</run_address>
         <size>0x677</size>
         <alignment>0x1</alignment>
         <input_file_ref idref="fl-1"/>
      </object_component>
      <object_component id="oc-c9">
         <name>.debug_str</name>
         <load_address>0x677</load_address>
         <run_address>0x677</run_address>
         <size>0x1598</size>
         <alignment>0x1</alignment>
         <input_file_ref idref="fl-2"/>
      </object_component>
      <object_component id="oc-3b">
         <name>.debug_str</name>
         <load_address>0x1c0f</load_address>
         <run_address>0x1c0f</run_address>
         <size>0x167</size>
         <alignment>0x1</alignment>
         <input_file_ref idref="fl-3"/>
      </object_component>
      <object_component id="oc-cf">
         <name>.debug_str</name>
         <load_address>0x1d76</load_address>
         <run_address>0x1d76</run_address>
         <size>0x65f</size>
         <alignment>0x1</alignment>
         <input_file_ref idref="fl-4"/>
      </object_component>
      <object_component id="oc-d1">
         <name>.debug_str</name>
         <load_address>0x23d5</load_address>
         <run_address>0x23d5</run_address>
         <size>0x57b</size>
         <alignment>0x1</alignment>
         <input_file_ref idref="fl-7"/>
      </object_component>
      <object_component id="oc-d9">
         <name>.debug_str</name>
         <load_address>0x2950</load_address>
         <run_address>0x2950</run_address>
         <size>0x296</size>
         <alignment>0x1</alignment>
         <input_file_ref idref="fl-8"/>
      </object_component>
      <object_component id="oc-fd">
         <name>.debug_str</name>
         <load_address>0x2be6</load_address>
         <run_address>0x2be6</run_address>
         <size>0x5a7</size>
         <alignment>0x1</alignment>
         <input_file_ref idref="fl-9"/>
      </object_component>
      <object_component id="oc-e1">
         <name>.debug_str</name>
         <load_address>0x318d</load_address>
         <run_address>0x318d</run_address>
         <size>0x16d</size>
         <alignment>0x1</alignment>
         <input_file_ref idref="fl-18"/>
      </object_component>
      <object_component id="oc-120">
         <name>.debug_str</name>
         <load_address>0x32fa</load_address>
         <run_address>0x32fa</run_address>
         <size>0x8af</size>
         <alignment>0x1</alignment>
         <input_file_ref idref="fl-19"/>
      </object_component>
      <object_component id="oc-3d">
         <name>.debug_str</name>
         <load_address>0x3ba9</load_address>
         <run_address>0x3ba9</run_address>
         <size>0x21e</size>
         <alignment>0x1</alignment>
         <input_file_ref idref="fl-30"/>
      </object_component>
      <object_component id="oc-ef">
         <name>.debug_str</name>
         <load_address>0x3dc7</load_address>
         <run_address>0x3dc7</run_address>
         <size>0x328</size>
         <alignment>0x1</alignment>
         <input_file_ref idref="fl-32"/>
      </object_component>
      <object_component id="oc-7f">
         <name>.debug_str</name>
         <load_address>0x40ef</load_address>
         <run_address>0x40ef</run_address>
         <size>0xee</size>
         <alignment>0x1</alignment>
         <input_file_ref idref="fl-33"/>
      </object_component>
      <object_component id="oc-61">
         <name>.debug_str</name>
         <load_address>0x41dd</load_address>
         <run_address>0x41dd</run_address>
         <size>0x194</size>
         <alignment>0x1</alignment>
         <input_file_ref idref="fl-35"/>
      </object_component>
      <object_component id="oc-e9">
         <name>.debug_str</name>
         <load_address>0x4371</load_address>
         <run_address>0x4371</run_address>
         <size>0x141</size>
         <alignment>0x1</alignment>
         <input_file_ref idref="fl-38"/>
      </object_component>
      <object_component id="oc-115">
         <name>.debug_str</name>
         <load_address>0x44b2</load_address>
         <run_address>0x44b2</run_address>
         <size>0xe2</size>
         <alignment>0x1</alignment>
         <input_file_ref idref="fl-da"/>
      </object_component>
      <object_component id="oc-122">
         <name>.debug_str</name>
         <load_address>0x4594</load_address>
         <run_address>0x4594</run_address>
         <size>0x185</size>
         <alignment>0x1</alignment>
         <input_file_ref idref="fl-e4"/>
      </object_component>
      <object_component id="oc-36">
         <name>.debug_frame</name>
         <load_address>0x0</load_address>
         <run_address>0x0</run_address>
         <size>0xc4</size>
         <alignment>0x4</alignment>
         <input_file_ref idref="fl-1"/>
      </object_component>
      <object_component id="oc-81">
         <name>.debug_frame</name>
         <load_address>0xc4</load_address>
         <run_address>0xc4</run_address>
         <size>0x80</size>
         <alignment>0x4</alignment>
         <input_file_ref idref="fl-2"/>
      </object_component>
      <object_component id="oc-31">
         <name>.debug_frame</name>
         <load_address>0x144</load_address>
         <run_address>0x144</run_address>
         <size>0x30</size>
         <alignment>0x4</alignment>
         <input_file_ref idref="fl-3"/>
      </object_component>
      <object_component id="oc-8a">
         <name>.debug_frame</name>
         <load_address>0x174</load_address>
         <run_address>0x174</run_address>
         <size>0x340</size>
         <alignment>0x4</alignment>
         <input_file_ref idref="fl-4"/>
      </object_component>
      <object_component id="oc-8d">
         <name>.debug_frame</name>
         <load_address>0x4b4</load_address>
         <run_address>0x4b4</run_address>
         <size>0x80</size>
         <alignment>0x4</alignment>
         <input_file_ref idref="fl-7"/>
      </object_component>
      <object_component id="oc-95">
         <name>.debug_frame</name>
         <load_address>0x534</load_address>
         <run_address>0x534</run_address>
         <size>0x88</size>
         <alignment>0x4</alignment>
         <input_file_ref idref="fl-8"/>
      </object_component>
      <object_component id="oc-d3">
         <name>.debug_frame</name>
         <load_address>0x5bc</load_address>
         <run_address>0x5bc</run_address>
         <size>0x80</size>
         <alignment>0x4</alignment>
         <input_file_ref idref="fl-9"/>
      </object_component>
      <object_component id="oc-9b">
         <name>.debug_frame</name>
         <load_address>0x63c</load_address>
         <run_address>0x63c</run_address>
         <size>0x20</size>
         <alignment>0x4</alignment>
         <input_file_ref idref="fl-18"/>
      </object_component>
      <object_component id="oc-f9">
         <name>.debug_frame</name>
         <load_address>0x65c</load_address>
         <run_address>0x65c</run_address>
         <size>0x12c</size>
         <alignment>0x4</alignment>
         <input_file_ref idref="fl-19"/>
      </object_component>
      <object_component id="oc-54">
         <name>.debug_frame</name>
         <load_address>0x788</load_address>
         <run_address>0x788</run_address>
         <size>0x90</size>
         <alignment>0x4</alignment>
         <input_file_ref idref="fl-30"/>
      </object_component>
      <object_component id="oc-ac">
         <name>.debug_frame</name>
         <load_address>0x818</load_address>
         <run_address>0x818</run_address>
         <size>0x100</size>
         <alignment>0x4</alignment>
         <input_file_ref idref="fl-32"/>
      </object_component>
      <object_component id="oc-68">
         <name>.debug_frame</name>
         <load_address>0x918</load_address>
         <run_address>0x918</run_address>
         <size>0x20</size>
         <alignment>0x4</alignment>
         <input_file_ref idref="fl-33"/>
      </object_component>
      <object_component id="oc-51">
         <name>.debug_frame</name>
         <load_address>0x938</load_address>
         <run_address>0x938</run_address>
         <size>0x38</size>
         <alignment>0x4</alignment>
         <input_file_ref idref="fl-35"/>
      </object_component>
      <object_component id="oc-a7">
         <name>.debug_frame</name>
         <load_address>0x970</load_address>
         <run_address>0x970</run_address>
         <size>0x30</size>
         <alignment>0x4</alignment>
         <input_file_ref idref="fl-38"/>
      </object_component>
      <object_component id="oc-e6">
         <name>.debug_frame</name>
         <load_address>0x9a0</load_address>
         <run_address>0x9a0</run_address>
         <size>0x20</size>
         <alignment>0x4</alignment>
         <input_file_ref idref="fl-da"/>
      </object_component>
      <object_component id="oc-102">
         <name>.debug_frame</name>
         <load_address>0x9c0</load_address>
         <run_address>0x9c0</run_address>
         <size>0x30</size>
         <alignment>0x4</alignment>
         <input_file_ref idref="fl-e4"/>
      </object_component>
      <object_component id="oc-38">
         <name>.debug_line</name>
         <load_address>0x0</load_address>
         <run_address>0x0</run_address>
         <size>0x513</size>
         <alignment>0x1</alignment>
         <input_file_ref idref="fl-1"/>
      </object_component>
      <object_component id="oc-84">
         <name>.debug_line</name>
         <load_address>0x513</load_address>
         <run_address>0x513</run_address>
         <size>0x4b9</size>
         <alignment>0x1</alignment>
         <input_file_ref idref="fl-2"/>
      </object_component>
      <object_component id="oc-2f">
         <name>.debug_line</name>
         <load_address>0x9cc</load_address>
         <run_address>0x9cc</run_address>
         <size>0xb8</size>
         <alignment>0x1</alignment>
         <input_file_ref idref="fl-3"/>
      </object_component>
      <object_component id="oc-89">
         <name>.debug_line</name>
         <load_address>0xa84</load_address>
         <run_address>0xa84</run_address>
         <size>0x1644</size>
         <alignment>0x1</alignment>
         <input_file_ref idref="fl-4"/>
      </object_component>
      <object_component id="oc-8e">
         <name>.debug_line</name>
         <load_address>0x20c8</load_address>
         <run_address>0x20c8</run_address>
         <size>0x4df</size>
         <alignment>0x1</alignment>
         <input_file_ref idref="fl-7"/>
      </object_component>
      <object_component id="oc-94">
         <name>.debug_line</name>
         <load_address>0x25a7</load_address>
         <run_address>0x25a7</run_address>
         <size>0x3be</size>
         <alignment>0x1</alignment>
         <input_file_ref idref="fl-8"/>
      </object_component>
      <object_component id="oc-d5">
         <name>.debug_line</name>
         <load_address>0x2965</load_address>
         <run_address>0x2965</run_address>
         <size>0xa0f</size>
         <alignment>0x1</alignment>
         <input_file_ref idref="fl-9"/>
      </object_component>
      <object_component id="oc-9c">
         <name>.debug_line</name>
         <load_address>0x3374</load_address>
         <run_address>0x3374</run_address>
         <size>0x178</size>
         <alignment>0x1</alignment>
         <input_file_ref idref="fl-18"/>
      </object_component>
      <object_component id="oc-fa">
         <name>.debug_line</name>
         <load_address>0x34ec</load_address>
         <run_address>0x34ec</run_address>
         <size>0x6a8</size>
         <alignment>0x1</alignment>
         <input_file_ref idref="fl-19"/>
      </object_component>
      <object_component id="oc-3e">
         <name>.debug_line</name>
         <load_address>0x3b94</load_address>
         <run_address>0x3b94</run_address>
         <size>0x1dc</size>
         <alignment>0x1</alignment>
         <input_file_ref idref="fl-30"/>
      </object_component>
      <object_component id="oc-ad">
         <name>.debug_line</name>
         <load_address>0x3d70</load_address>
         <run_address>0x3d70</run_address>
         <size>0x505</size>
         <alignment>0x1</alignment>
         <input_file_ref idref="fl-32"/>
      </object_component>
      <object_component id="oc-6a">
         <name>.debug_line</name>
         <load_address>0x4275</load_address>
         <run_address>0x4275</run_address>
         <size>0x3e</size>
         <alignment>0x1</alignment>
         <input_file_ref idref="fl-33"/>
      </object_component>
      <object_component id="oc-4d">
         <name>.debug_line</name>
         <load_address>0x42b3</load_address>
         <run_address>0x42b3</run_address>
         <size>0xf7</size>
         <alignment>0x1</alignment>
         <input_file_ref idref="fl-35"/>
      </object_component>
      <object_component id="oc-a4">
         <name>.debug_line</name>
         <load_address>0x43aa</load_address>
         <run_address>0x43aa</run_address>
         <size>0x67</size>
         <alignment>0x1</alignment>
         <input_file_ref idref="fl-38"/>
      </object_component>
      <object_component id="oc-e7">
         <name>.debug_line</name>
         <load_address>0x4411</load_address>
         <run_address>0x4411</run_address>
         <size>0x41</size>
         <alignment>0x1</alignment>
         <input_file_ref idref="fl-da"/>
      </object_component>
      <object_component id="oc-113">
         <name>.debug_line</name>
         <load_address>0x4452</load_address>
         <run_address>0x4452</run_address>
         <size>0x100</size>
         <alignment>0x1</alignment>
         <input_file_ref idref="fl-db"/>
      </object_component>
      <object_component id="oc-109">
         <name>.debug_line</name>
         <load_address>0x4552</load_address>
         <run_address>0x4552</run_address>
         <size>0xd9</size>
         <alignment>0x1</alignment>
         <input_file_ref idref="fl-dc"/>
      </object_component>
      <object_component id="oc-10f">
         <name>.debug_line</name>
         <load_address>0x462b</load_address>
         <run_address>0x462b</run_address>
         <size>0xd5</size>
         <alignment>0x1</alignment>
         <input_file_ref idref="fl-dd"/>
      </object_component>
      <object_component id="oc-107">
         <name>.debug_line</name>
         <load_address>0x4700</load_address>
         <run_address>0x4700</run_address>
         <size>0xb5</size>
         <alignment>0x1</alignment>
         <input_file_ref idref="fl-df"/>
      </object_component>
      <object_component id="oc-48">
         <name>.debug_line</name>
         <load_address>0x47b5</load_address>
         <run_address>0x47b5</run_address>
         <size>0x9d</size>
         <alignment>0x1</alignment>
         <input_file_ref idref="fl-e0"/>
      </object_component>
      <object_component id="oc-dd">
         <name>.debug_line</name>
         <load_address>0x4852</load_address>
         <run_address>0x4852</run_address>
         <size>0xbb</size>
         <alignment>0x1</alignment>
         <input_file_ref idref="fl-e2"/>
      </object_component>
      <object_component id="oc-128">
         <name>.debug_line</name>
         <load_address>0x490d</load_address>
         <run_address>0x490d</run_address>
         <size>0xb2</size>
         <alignment>0x1</alignment>
         <input_file_ref idref="fl-e3"/>
      </object_component>
      <object_component id="oc-ff">
         <name>.debug_line</name>
         <load_address>0x49bf</load_address>
         <run_address>0x49bf</run_address>
         <size>0xae</size>
         <alignment>0x1</alignment>
         <input_file_ref idref="fl-e4"/>
      </object_component>
      <object_component id="oc-79">
         <name>.debug_line</name>
         <load_address>0x4a6d</load_address>
         <run_address>0x4a6d</run_address>
         <size>0xa0</size>
         <alignment>0x1</alignment>
         <input_file_ref idref="fl-e5"/>
      </object_component>
      <object_component id="oc-112">
         <name>.debug_aranges</name>
         <load_address>0x0</load_address>
         <run_address>0x0</run_address>
         <size>0x20</size>
         <alignment>0x1</alignment>
         <input_file_ref idref="fl-db"/>
      </object_component>
      <object_component id="oc-10b">
         <name>.debug_aranges</name>
         <load_address>0x20</load_address>
         <run_address>0x20</run_address>
         <size>0x20</size>
         <alignment>0x1</alignment>
         <input_file_ref idref="fl-dc"/>
      </object_component>
      <object_component id="oc-10e">
         <name>.debug_aranges</name>
         <load_address>0x40</load_address>
         <run_address>0x40</run_address>
         <size>0x20</size>
         <alignment>0x1</alignment>
         <input_file_ref idref="fl-dd"/>
      </object_component>
      <object_component id="oc-106">
         <name>.debug_aranges</name>
         <load_address>0x60</load_address>
         <run_address>0x60</run_address>
         <size>0x20</size>
         <alignment>0x1</alignment>
         <input_file_ref idref="fl-df"/>
      </object_component>
      <object_component id="oc-47">
         <name>.debug_aranges</name>
         <load_address>0x80</load_address>
         <run_address>0x80</run_address>
         <size>0x20</size>
         <alignment>0x1</alignment>
         <input_file_ref idref="fl-e0"/>
      </object_component>
      <object_component id="oc-dc">
         <name>.debug_aranges</name>
         <load_address>0xa0</load_address>
         <run_address>0xa0</run_address>
         <size>0x20</size>
         <alignment>0x1</alignment>
         <input_file_ref idref="fl-e2"/>
      </object_component>
      <object_component id="oc-127">
         <name>.debug_aranges</name>
         <load_address>0xc0</load_address>
         <run_address>0xc0</run_address>
         <size>0x20</size>
         <alignment>0x1</alignment>
         <input_file_ref idref="fl-e3"/>
      </object_component>
      <object_component id="oc-77">
         <name>.debug_aranges</name>
         <load_address>0xe0</load_address>
         <run_address>0xe0</run_address>
         <size>0x28</size>
         <alignment>0x1</alignment>
         <input_file_ref idref="fl-e5"/>
      </object_component>
   </object_component_list>
   <logical_group_list>
      <logical_group id="lg-2" display="no" color="cyan">
         <name>.intvecs</name>
         <load_address>0x0</load_address>
         <run_address>0x0</run_address>
         <size>0xc0</size>
         <contents>
            <object_component_ref idref="oc-17"/>
         </contents>
      </logical_group>
      <logical_group id="lg-3" display="no" color="cyan">
         <name>.text</name>
         <load_address>0xc0</load_address>
         <run_address>0xc0</run_address>
         <size>0xf98</size>
         <contents>
            <object_component_ref idref="oc-97"/>
            <object_component_ref idref="oc-e3"/>
            <object_component_ref idref="oc-6b"/>
            <object_component_ref idref="oc-9d"/>
            <object_component_ref idref="oc-de"/>
            <object_component_ref idref="oc-d2"/>
            <object_component_ref idref="oc-110"/>
            <object_component_ref idref="oc-7b"/>
            <object_component_ref idref="oc-32"/>
            <object_component_ref idref="oc-c4"/>
            <object_component_ref idref="oc-108"/>
            <object_component_ref idref="oc-10c"/>
            <object_component_ref idref="oc-39"/>
            <object_component_ref idref="oc-85"/>
            <object_component_ref idref="oc-c7"/>
            <object_component_ref idref="oc-90"/>
            <object_component_ref idref="oc-da"/>
            <object_component_ref idref="oc-104"/>
            <object_component_ref idref="oc-aa"/>
            <object_component_ref idref="oc-125"/>
            <object_component_ref idref="oc-fe"/>
            <object_component_ref idref="oc-c5"/>
            <object_component_ref idref="oc-c3"/>
            <object_component_ref idref="oc-55"/>
            <object_component_ref idref="oc-f5"/>
            <object_component_ref idref="oc-8b"/>
            <object_component_ref idref="oc-96"/>
            <object_component_ref idref="oc-33"/>
            <object_component_ref idref="oc-4c"/>
            <object_component_ref idref="oc-80"/>
            <object_component_ref idref="oc-9e"/>
            <object_component_ref idref="oc-99"/>
            <object_component_ref idref="oc-45"/>
            <object_component_ref idref="oc-a3"/>
            <object_component_ref idref="oc-e4"/>
            <object_component_ref idref="oc-2e"/>
            <object_component_ref idref="oc-67"/>
         </contents>
      </logical_group>
      <logical_group id="lg-4" display="no" color="cyan">
         <name>.const</name>
         <run_address>0x0</run_address>
         <size>0x0</size>
         <contents>
         </contents>
      </logical_group>
      <logical_group id="lg-5" display="no" color="cyan">
         <name>.cinit</name>
         <load_address>0x1080</load_address>
         <run_address>0x1080</run_address>
         <size>0x18</size>
         <contents>
            <object_component_ref idref="oc-16d"/>
            <object_component_ref idref="oc-16b"/>
            <object_component_ref idref="oc-16c"/>
         </contents>
      </logical_group>
      <logical_group id="lg-6" display="no" color="cyan">
         <name>.pinit</name>
         <run_address>0x0</run_address>
         <size>0x0</size>
         <contents>
         </contents>
      </logical_group>
      <logical_group id="lg-7" display="no" color="cyan">
         <name>.rodata</name>
         <load_address>0x1058</load_address>
         <run_address>0x1058</run_address>
         <size>0x28</size>
         <contents>
            <object_component_ref idref="oc-9f"/>
            <object_component_ref idref="oc-cb"/>
            <object_component_ref idref="oc-fb"/>
         </contents>
      </logical_group>
      <logical_group id="lg-8" display="no" color="cyan">
         <name>.ARM.exidx</name>
         <run_address>0x0</run_address>
         <size>0x0</size>
         <contents>
         </contents>
      </logical_group>
      <logical_group id="lg-9" display="no" color="cyan">
         <name>.init_array</name>
         <run_address>0x0</run_address>
         <size>0x0</size>
         <contents>
         </contents>
      </logical_group>
      <logical_group id="lg-a" display="no" color="cyan">
         <name>.binit</name>
         <load_address>0x0</load_address>
         <run_address>0x0</run_address>
         <size>0x0</size>
         <contents>
            <object_component_ref idref="oc-136"/>
         </contents>
      </logical_group>
      <logical_group id="lg-b" display="no" color="cyan">
         <name>.TI.ramfunc</name>
         <run_address>0x0</run_address>
         <size>0x0</size>
         <contents>
         </contents>
      </logical_group>
      <logical_group id="lg-c" display="no" color="cyan">
         <name>.vtable</name>
         <run_address>0x0</run_address>
         <size>0x0</size>
         <contents>
         </contents>
      </logical_group>
      <logical_group id="lg-d" display="no" color="cyan">
         <name>.args</name>
         <run_address>0x0</run_address>
         <size>0x0</size>
         <contents>
         </contents>
      </logical_group>
      <logical_group id="lg-e" display="no" color="cyan">
         <name>.data</name>
         <run_address>0x0</run_address>
         <size>0x0</size>
         <contents>
         </contents>
      </logical_group>
      <logical_group id="lg-f" display="no" color="cyan">
         <name>.bss</name>
         <run_address>0x20000000</run_address>
         <size>0x10c</size>
         <contents>
            <object_component_ref idref="oc-a0"/>
            <object_component_ref idref="oc-cc"/>
            <object_component_ref idref="oc-cd"/>
            <object_component_ref idref="oc-a1"/>
            <object_component_ref idref="oc-a2"/>
            <object_component_ref idref="oc-ca"/>
            <object_component_ref idref="oc-df"/>
         </contents>
      </logical_group>
      <logical_group id="lg-10" display="no" color="cyan">
         <name>.sysmem</name>
         <run_address>0x0</run_address>
         <size>0x0</size>
         <contents>
         </contents>
      </logical_group>
      <logical_group id="lg-11" display="no" color="cyan">
         <name>.stack</name>
         <run_address>0x200003c0</run_address>
         <size>0x40</size>
         <contents>
            <object_component_ref idref="oc-19"/>
            <object_component_ref idref="oc-16f"/>
         </contents>
      </logical_group>
      <logical_group id="lg-12" display="no" color="cyan">
         <name>.BCRConfig</name>
         <run_address>0x0</run_address>
         <size>0x0</size>
         <contents>
         </contents>
      </logical_group>
      <logical_group id="lg-12d" display="no" color="cyan">
         <name>.TI.noinit</name>
         <run_address>0x0</run_address>
         <size>0x0</size>
         <contents>
         </contents>
      </logical_group>
      <logical_group id="lg-12e" display="no" color="cyan">
         <name>.TI.persistent</name>
         <run_address>0x0</run_address>
         <size>0x0</size>
         <contents>
         </contents>
      </logical_group>
      <logical_group id="lg-12f" display="no" color="cyan">
         <name>.TI.local</name>
         <run_address>0x0</run_address>
         <size>0x0</size>
         <contents>
         </contents>
      </logical_group>
      <logical_group id="lg-130" display="no" color="cyan">
         <name>.TI.onchip</name>
         <run_address>0x0</run_address>
         <size>0x0</size>
         <contents>
         </contents>
      </logical_group>
      <logical_group id="lg-131" display="no" color="cyan">
         <name>.TI.offchip</name>
         <run_address>0x0</run_address>
         <size>0x0</size>
         <contents>
         </contents>
      </logical_group>
      <logical_group id="lg-132" display="no" color="cyan">
         <name>__llvm_prf_cnts</name>
         <run_address>0x20000000</run_address>
         <size>0x0</size>
         <contents>
         </contents>
      </logical_group>
      <logical_group id="lg-134" display="no" color="cyan">
         <name>__llvm_prf_bits</name>
         <run_address>0x20000000</run_address>
         <size>0x0</size>
         <contents>
         </contents>
      </logical_group>
      <logical_group id="lg-14f" display="never" color="cyan">
         <name>.debug_loc</name>
         <load_address>0x0</load_address>
         <run_address>0x0</run_address>
         <size>0x60bf</size>
         <contents>
            <object_component_ref idref="oc-37"/>
            <object_component_ref idref="oc-c6"/>
            <object_component_ref idref="oc-86"/>
            <object_component_ref idref="oc-98"/>
            <object_component_ref idref="oc-92"/>
            <object_component_ref idref="oc-d4"/>
            <object_component_ref idref="oc-e2"/>
            <object_component_ref idref="oc-f6"/>
            <object_component_ref idref="oc-40"/>
            <object_component_ref idref="oc-af"/>
            <object_component_ref idref="oc-4e"/>
            <object_component_ref idref="oc-a9"/>
            <object_component_ref idref="oc-123"/>
         </contents>
      </logical_group>
      <logical_group id="lg-151" display="never" color="cyan">
         <name>.debug_abbrev</name>
         <load_address>0x0</load_address>
         <run_address>0x0</run_address>
         <size>0x1301</size>
         <contents>
            <object_component_ref idref="oc-5c"/>
            <object_component_ref idref="oc-c8"/>
[...]
            <object_component_ref idref="oc-6a"/>
            <object_component_ref idref="oc-4d"/>
            <object_component_ref idref="oc-a4"/>
            <object_component_ref idref="oc-e7"/>
            <object_component_ref idref="oc-113"/>
            <object_component_ref idref="oc-109"/>
            <object_component_ref idref="oc-10f"/>
            <object_component_ref idref="oc-107"/>
            <object_component_ref idref="oc-48"/>
            <object_component_ref idref="oc-dd"/>
            <object_component_ref idref="oc-128"/>
            <object_component_ref idref="oc-ff"/>
            <object_component_ref idref="oc-79"/>
         </contents>
      </logical_group>
      <logical_group id="lg-165" display="never" color="cyan">
         <name>.debug_aranges</name>
         <load_address>0x0</load_address>
         <run_address>0x0</run_address>
         <size>0x108</size>
         <contents>
            <object_component_ref idref="oc-112"/>
            <object_component_ref idref="oc-10b"/>
            <object_component_ref idref="oc-10e"/>
            <object_component_ref idref="oc-106"/>
            <object_component_ref idref="oc-47"/>
            <object_component_ref idref="oc-dc"/>
            <object_component_ref idref="oc-127"/>
            <object_component_ref idref="oc-77"/>
         </contents>
      </logical_group>
      <logical_group id="lg-16e" display="no" color="cyan">
         <name>Veneer$$CMSE</name>
         <run_address>0x0</run_address>
         <size>0x0</size>
         <contents>
         </contents>
      </logical_group>
      <load_segment id="lg-176" display="no" color="cyan">
         <name>SEGMENT_0</name>
         <load_address>0x0</load_address>
         <run_address>0x0</run_address>
         <size>0x1098</size>
         <flags>0x5</flags>
         <contents>
            <logical_group_ref idref="lg-2"/>
            <logical_group_ref idref="lg-3"/>
            <logical_group_ref idref="lg-7"/>
            <logical_group_ref idref="lg-5"/>
         </contents>
      </load_segment>
      <load_segment id="lg-177" display="no" color="cyan">
         <name>SEGMENT_1</name>
         <run_address>0x20000000</run_address>
         <size>0x10c</size>
         <flags>0x6</flags>
         <contents>
            <logical_group_ref idref="lg-f"/>
         </contents>
      </load_segment>
      <load_segment id="lg-178" display="no" color="cyan">
         <name>SEGMENT_2</name>
         <run_address>0x200003c0</run_address>
         <size>0x40</size>
         <flags>0x6</flags>
         <contents>
            <logical_group_ref idref="lg-11"/>
         </contents>
      </load_segment>
   </logical_group_list>
   <placement_map>
      <memory_area display="yes" color="green">
         <name>FLASH</name>
         <page_id>0x0</page_id>
         <origin>0x0</origin>
         <length>0x4000</length>
         <used_space>0x1098</used_space>
         <unused_space>0x2f68</unused_space>
         <attributes>RX</attributes>
         <usage_details>
            <allocated_space>
               <start_address>0x0</start_address>
               <size>0x0</size>
               <logical_group_ref idref="lg-a"/>
            </allocated_space>
            <allocated_space>
               <start_address>0x0</start_address>
               <size>0xc0</size>
               <logical_group_ref idref="lg-2"/>
            </allocated_space>
            <allocated_space>
               <start_address>0xc0</start_address>
               <size>0xf98</size>
               <logical_group_ref idref="lg-3"/>
            </allocated_space>
            <allocated_space>
               <start_address>0x1058</start_address>
               <size>0x28</size>
               <logical_group_ref idref="lg-7"/>
            </allocated_space>
            <allocated_space>
               <start_address>0x1080</start_address>
               <size>0x18</size>
               <logical_group_ref idref="lg-5"/>
            </allocated_space>
            <available_space>
               <start_address>0x1098</start_address>
               <size>0x2f68</size>
            </available_space>
         </usage_details>
      </memory_area>
      <memory_area display="yes" color="green">
         <name>SRAM</name>
         <page_id>0x0</page_id>
         <origin>0x20000000</origin>
         <length>0x400</length>
         <used_space>0x14c</used_space>
         <unused_space>0x2b4</unused_space>
         <attributes>RWX</attributes>
         <usage_details>
            <allocated_space>
               <start_address>0x20000000</start_address>
               <size>0x0</size>
               <logical_group_ref idref="lg-132"/>
            </allocated_space>
            <allocated_space>
               <start_address>0x20000000</start_address>
               <size>0x0</size>
               <logical_group_ref idref="lg-134"/>
            </allocated_space>
            <allocated_space>
               <start_address>0x20000000</start_address>
               <size>0x10c</size>
               <logical_group_ref idref="lg-f"/>
            </allocated_space>
            <available_space>
               <start_address>0x2000010c</start_address>
               <size>0x2b4</size>
            </available_space>
            <allocated_space>
               <start_address>0x200003c0</start_address>
               <size>0x40</size>
               <logical_group_ref idref="lg-11"/>
            </allocated_space>
         </usage_details>
      </memory_area>
      <memory_area display="yes" color="green">
         <name>BCR_CONFIG</name>
         <page_id>0x0</page_id>
         <origin>0x41c00000</origin>
         <length>0xff</length>
         <used_space>0x0</used_space>
         <unused_space>0xff</unused_space>
         <attributes>R</attributes>
         <usage_details>
         </usage_details>
      </memory_area>
   </placement_map>
   <cptbl_list>
      <cptbl>
         <name>__TI_cinit_table</name>
         <cprec>
            <name>.bss</name>
            <load_address>0x1080</load_address>
            <load_size>0x8</load_size>
            <run_address>0x20000000</run_address>
            <run_size>0x10c</run_size>
            <compression>zero_init</compression>
         </cprec>
      </cptbl>
   </cptbl_list>
   <handler_table>
      <handler_table_name>__TI_handler_table</handler_table_name>
      <handler>
         <index>0x0</index>
         <name>__TI_zero_init</name>
      </handler>
   </handler_table>
   <symbol_table>
      <symbol id="sm-1">
         <name>__start___llvm_prf_cnts</name>
         <value>0x20000000</value>
      </symbol>
      <symbol id="sm-2">
         <name>__stop___llvm_prf_cnts</name>
         <value>0x20000000</value>
      </symbol>
      <symbol id="sm-3">
         <name>__start___llvm_prf_bits</name>
         <value>0x20000000</value>
      </symbol>
      <symbol id="sm-4">
         <name>__stop___llvm_prf_bits</name>
         <value>0x20000000</value>
      </symbol>
      <symbol id="sm-5">
         <name>__TI_CINIT_Base</name>
         <value>0x108c</value>
      </symbol>
      <symbol id="sm-6">
         <name>__TI_CINIT_Limit</name>
         <value>0x1094</value>
      </symbol>
      <symbol id="sm-7">
         <name>__TI_CINIT_Warm</name>
         <value>0x1094</value>
      </symbol>
      <symbol id="sm-8">
         <name>__TI_Handler_Table_Base</name>
         <value>0x1088</value>
      </symbol>
      <symbol id="sm-9">
         <name>__TI_Handler_Table_Limit</name>
         <value>0x108c</value>
      </symbol>
      <symbol id="sm-a">
         <name>binit</name>
         <value>0xffffffff</value>
      </symbol>
      <symbol id="sm-b">
         <name>__binit__</name>
         <value>0xffffffff</value>
      </symbol>
      <symbol id="sm-c">
         <name>__STACK_SIZE</name>
         <value>0x40</value>
      </symbol>
      <symbol id="sm-d">
         <name>__STACK_END</name>
         <value>0x20000400</value>
      </symbol>
      <symbol id="sm-e">
         <name>__TI_pprof_out_hndl</name>
         <value>0xffffffff</value>
      </symbol>
      <symbol id="sm-f">
         <name>__TI_prof_data_start</name>
         <value>0xffffffff</value>
      </symbol>
      <symbol id="sm-10">
         <name>__TI_prof_data_size</name>
         <value>0xffffffff</value>
      </symbol>
      <symbol id="sm-44">
         <name>main</name>
         <value>0x4d9</value>
         <object_component_ref idref="oc-6b"/>
      </symbol>
      <symbol id="sm-45">
         <name>temp</name>
         <value>0x20000108</value>
      </symbol>
      <symbol id="sm-46">
         <name>rh</name>
         <value>0x20000104</value>
      </symbol>
      <symbol id="sm-47">
         <name>GPIOA_IRQHandler</name>
         <value>0xfe1</value>
         <object_component_ref idref="oc-33"/>
      </symbol>
      <symbol id="sm-48">
         <name>I2C0_IRQHandler</name>
         <value>0xcef</value>
         <object_component_ref idref="oc-39"/>
      </symbol>
      <symbol id="sm-60">
         <name>SYSCFG_DL_init</name>
         <value>0x1013</value>
         <object_component_ref idref="oc-80"/>
      </symbol>
      <symbol id="sm-61">
         <name>SYSCFG_DL_initPower</name>
         <value>0xf2d</value>
         <object_component_ref idref="oc-c3"/>
      </symbol>
      <symbol id="sm-62">
         <name>SYSCFG_DL_GPIO_init</name>
         <value>0xb51</value>
         <object_component_ref idref="oc-c4"/>
      </symbol>
      <symbol id="sm-63">
         <name>SYSCFG_DL_SYSCTL_init</name>
         <value>0xef5</value>
         <object_component_ref idref="oc-c5"/>
      </symbol>
      <symbol id="sm-64">
         <name>SYSCFG_DL_I2C_init</name>
         <value>0xd65</value>
         <object_component_ref idref="oc-c7"/>
      </symbol>
      <symbol id="sm-6f">
         <name>Default_Handler</name>
         <value>0xb4f</value>
         <object_component_ref idref="oc-32"/>
      </symbol>
      <symbol id="sm-70">
         <name>Reset_Handler</name>
         <value>0x104f</value>
         <object_component_ref idref="oc-2e"/>
      </symbol>
      <symbol id="sm-71">
         <name>interruptVectors</name>
         <value>0x0</value>
         <object_component_ref idref="oc-17"/>
      </symbol>
      <symbol id="sm-72">
         <name>NMI_Handler</name>
         <value>0xb4f</value>
         <object_component_ref idref="oc-32"/>
      </symbol>
      <symbol id="sm-73">
         <name>HardFault_Handler</name>
         <value>0xb4f</value>
         <object_component_ref idref="oc-32"/>
      </symbol>
      <symbol id="sm-74">
         <name>SVC_Handler</name>
         <value>0xb4f</value>
         <object_component_ref idref="oc-32"/>
      </symbol>
      <symbol id="sm-75">
         <name>PendSV_Handler</name>
         <value>0xb4f</value>
         <object_component_ref idref="oc-32"/>
      </symbol>
      <symbol id="sm-76">
         <name>SysTick_Handler</name>
         <value>0xb4f</value>
         <object_component_ref idref="oc-32"/>
      </symbol>
      <symbol id="sm-77">
         <name>GROUP0_IRQHandler</name>
         <value>0xb4f</value>
         <object_component_ref idref="oc-32"/>
      </symbol>
      <symbol id="sm-78">
         <name>TIMG8_IRQHandler</name>
         <value>0xb4f</value>
         <object_component_ref idref="oc-32"/>
      </symbol>
      <symbol id="sm-79">
         <name>ADC0_IRQHandler</name>
         <value>0xb4f</value>
         <object_component_ref idref="oc-32"/>
      </symbol>
      <symbol id="sm-7a">
         <name>SPI0_IRQHandler</name>
         <value>0xb4f</value>
         <object_component_ref idref="oc-32"/>
      </symbol>
      <symbol id="sm-7b">
         <name>UART0_IRQHandler</name>
         <value>0xb4f</value>
         <object_component_ref idref="oc-32"/>
      </symbol>
      <symbol id="sm-7c">
         <name>TIMG14_IRQHandler</name>
         <value>0xb4f</value>
         <object_component_ref idref="oc-32"/>
      </symbol>
      <symbol id="sm-7d">
         <name>TIMA0_IRQHandler</name>
         <value>0xb4f</value>
         <object_component_ref idref="oc-32"/>
      </symbol>
      <symbol id="sm-7e">
         <name>DMA_IRQHandler</name>
         <value>0xb4f</value>
         <object_component_ref idref="oc-32"/>
      </symbol>
      <symbol id="sm-8e">
         <name>_SEGGER_RTT</name>
         <value>0x200000a4</value>
      </symbol>
      <symbol id="sm-8f">
         <name>SEGGER_RTT_Init</name>
         <value>0xcf1</value>
         <object_component_ref idref="oc-85"/>
      </symbol>
      <symbol id="sm-a5">
         <name>FM13DT160_PowerOn</name>
         <value>0xfc5</value>
         <object_component_ref idref="oc-96"/>
      </symbol>
      <symbol id="sm-a6">
         <name>FM13DT160_PowerOff</name>
         <value>0xfa9</value>
         <object_component_ref idref="oc-8b"/>
      </symbol>
      <symbol id="sm-a7">
         <name>FM13DT160_WriteEEPROM</name>
         <value>0xc1</value>
         <object_component_ref idref="oc-97"/>
      </symbol>
      <symbol id="sm-a8">
         <name>rx_dummy</name>
         <value>0x20000000</value>
      </symbol>
      <symbol id="sm-a9">
         <name>FM13DT160_ReadEEPROM</name>
         <value>0x651</value>
         <object_component_ref idref="oc-9d"/>
      </symbol>
      <symbol id="sm-b9">
         <name>HDC302X_Init</name>
         <value>0xdbd</value>
         <object_component_ref idref="oc-90"/>
      </symbol>
      <symbol id="sm-ba">
         <name>HDC302X_ReadTempRH</name>
         <value>0x1027</value>
         <object_component_ref idref="oc-9e"/>
      </symbol>
      <symbol id="sm-bb">
         <name>HDC302X_ReadTempRH_OnDemand</name>
         <value>0x2e5</value>
         <object_component_ref idref="oc-e3"/>
      </symbol>
      <symbol id="sm-c9">
         <name>MSPM0_I2C_Write</name>
         <value>0x8c1</value>
         <object_component_ref idref="oc-d2"/>
      </symbol>
      <symbol id="sm-ca">
         <name>MSPM0_I2C_Read</name>
         <value>0x789</value>
         <object_component_ref idref="oc-de"/>
      </symbol>
      <symbol id="sm-cc">
         <name>__TI_ATRegion0_src_addr</name>
         <value>0x0</value>
      </symbol>
      <symbol id="sm-cd">
         <name>__TI_ATRegion0_trg_addr</name>
         <value>0x0</value>
      </symbol>
      <symbol id="sm-ce">
         <name>__TI_ATRegion0_region_sz</name>
         <value>0x0</value>
      </symbol>
      <symbol id="sm-cf">
         <name>__TI_ATRegion1_src_addr</name>
         <value>0x0</value>
      </symbol>
      <symbol id="sm-d0">
         <name>__TI_ATRegion1_trg_addr</name>
         <value>0x0</value>
      </symbol>
      <symbol id="sm-d1">
         <name>__TI_ATRegion1_region_sz</name>
         <value>0x0</value>
      </symbol>
      <symbol id="sm-d2">
         <name>__TI_ATRegion2_src_addr</name>
         <value>0x0</value>
      </symbol>
      <symbol id="sm-d3">
         <name>__TI_ATRegion2_trg_addr</name>
         <value>0x0</value>
      </symbol>
      <symbol id="sm-d4">
         <name>__TI_ATRegion2_region_sz</name>
         <value>0x0</value>
      </symbol>
      <symbol id="sm-dd">
         <name>DL_Common_delayCycles</name>
         <value>0x1033</value>
         <object_component_ref idref="oc-99"/>
      </symbol>
      <symbol id="sm-e7">
         <name>DL_I2C_setClockConfig</name>
         <value>0xf81</value>
         <object_component_ref idref="oc-f5"/>
      </symbol>
      <symbol id="sm-f2">
         <name>_c_int00_noargs</name>
         <value>0xf59</value>
         <object_component_ref idref="oc-55"/>
      </symbol>
      <symbol id="sm-f3">
         <name>__stack</name>
         <value>0x200003c0</value>
         <object_component_ref idref="oc-19"/>
      </symbol>
      <symbol id="sm-ff">
         <name>__TI_auto_init_nobinit_nopinit</name>
         <value>0xe7d</value>
         <object_component_ref idref="oc-aa"/>
      </symbol>
      <symbol id="sm-107">
         <name>_system_pre_init</name>
         <value>0x1053</value>
         <object_component_ref idref="oc-67"/>
      </symbol>
      <symbol id="sm-112">
         <name>__TI_zero_init_nomemset</name>
         <value>0xffd</value>
         <object_component_ref idref="oc-4c"/>
      </symbol>
      <symbol id="sm-11e">
         <name>abort</name>
         <value>0x1045</value>
         <object_component_ref idref="oc-a3"/>
      </symbol>
      <symbol id="sm-128">
         <name>HOSTexit</name>
         <value>0x104b</value>
         <object_component_ref idref="oc-e4"/>
      </symbol>
      <symbol id="sm-129">
         <name>C$$EXIT</name>
         <value>0x104a</value>
         <object_component_ref idref="oc-e4"/>
      </symbol>
      <symbol id="sm-12f">
         <name>__aeabi_fadd</name>
         <value>0x9e7</value>
         <object_component_ref idref="oc-110"/>
      </symbol>
      <symbol id="sm-130">
         <name>__addsf3</name>
         <value>0x9e7</value>
         <object_component_ref idref="oc-110"/>
      </symbol>
      <symbol id="sm-131">
         <name>__aeabi_fsub</name>
         <value>0x9dd</value>
         <object_component_ref idref="oc-110"/>
      </symbol>
      <symbol id="sm-132">
         <name>__subsf3</name>
         <value>0x9dd</value>
         <object_component_ref idref="oc-110"/>
      </symbol>
      <symbol id="sm-138">
         <name>__aeabi_fmul</name>
         <value>0xbe1</value>
         <object_component_ref idref="oc-108"/>
      </symbol>
      <symbol id="sm-139">
         <name>__mulsf3</name>
         <value>0xbe1</value>
         <object_component_ref idref="oc-108"/>
      </symbol>
      <symbol id="sm-13f">
         <name>__aeabi_fdiv</name>
         <value>0xc6d</value>
         <object_component_ref idref="oc-10c"/>
      </symbol>
      <symbol id="sm-140">
         <name>__divsf3</name>
         <value>0xc6d</value>
         <object_component_ref idref="oc-10c"/>
      </symbol>
      <symbol id="sm-146">
         <name>__aeabi_i2f</name>
         <value>0xe41</value>
         <object_component_ref idref="oc-104"/>
      </symbol>
      <symbol id="sm-147">
         <name>__floatsisf</name>
         <value>0xe41</value>
         <object_component_ref idref="oc-104"/>
      </symbol>
      <symbol id="sm-14d">
         <name>__aeabi_memcpy</name>
         <value>0x103d</value>
         <object_component_ref idref="oc-45"/>
      </symbol>
      <symbol id="sm-14e">
         <name>__aeabi_memcpy4</name>
         <value>0x103d</value>
         <object_component_ref idref="oc-45"/>
      </symbol>
      <symbol id="sm-14f">
         <name>__aeabi_memcpy8</name>
         <value>0x103d</value>
         <object_component_ref idref="oc-45"/>
      </symbol>
      <symbol id="sm-155">
         <name>__aeabi_uidiv</name>
         <value>0xe01</value>
         <object_component_ref idref="oc-da"/>
      </symbol>
      <symbol id="sm-156">
         <name>__aeabi_uidivmod</name>
         <value>0xe01</value>
         <object_component_ref idref="oc-da"/>
      </symbol>
      <symbol id="sm-15c">
         <name>__muldsi3</name>
         <value>0xeb9</value>
         <object_component_ref idref="oc-125"/>
      </symbol>
      <symbol id="sm-166">
         <name>__aeabi_idiv0</name>
         <value>0xef3</value>
         <object_component_ref idref="oc-fe"/>
      </symbol>
      <symbol id="sm-17f">
         <name>memcpy</name>
         <value>0xab5</value>
         <object_component_ref idref="oc-7b"/>
      </symbol>
      <symbol id="sm-180">
         <name>__TI_static_base__</name>
         <value>0x0</value>
      </symbol>
      <symbol id="sm-182">
         <name>__mpu_init</name>
         <value>0x0</value>
      </symbol>
      <symbol id="sm-183">
         <name>_system_post_cinit</name>
         <value>0x0</value>
      </symbol>
   </symbol_table>
   <title>Link successful</title>
</link_info>
