******************************************************************************
            TI ARM Clang Linker PC v4.0.4                      
******************************************************************************
>> Linked Tue Feb 24 22:59:56 2026

OUTPUT FILE NAME:   <io_expander_i2c_host.out>
ENTRY POINT SYMBOL: "_c_int00_noargs"  address: 00000f59


MEMORY CONFIGURATION

         name            origin    length      used     unused   attr    fill
----------------------  --------  ---------  --------  --------  ----  --------
  FLASH                 00000000   00004000  00001098  00002f68  R  X
  SRAM                  20000000   00000400  0000014c  000002b4  RW X
  BCR_CONFIG            41c00000   000000ff  00000000  000000ff  R   


SEGMENT ALLOCATION MAP

run origin  load origin   length   init length attrs members
----------  ----------- ---------- ----------- ----- -------
00000000    00000000    00001098   00001098    r-x
  00000000    00000000    000000c0   000000c0    r-- .intvecs
  000000c0    000000c0    00000f98   00000f98    r-x .text
  00001058    00001058    00000028   00000028    r-- .rodata
  00001080    00001080    00000018   00000018    r-- .cinit
20000000    20000000    0000010c   00000000    rw-
  20000000    20000000    0000010c   00000000    rw- .bss
200003c0    200003c0    00000040   00000000    rw-
  200003c0    200003c0    00000040   00000000    rw- .stack


SECTION ALLOCATION MAP

 output                                  attributes/
section   page    origin      length       input sections
--------  ----  ----------  ----------   ----------------
.intvecs   0    00000000    000000c0     
                  00000000    000000c0     startup_mspm0c110x_ticlang.o (.intvecs)

.text      0    000000c0    00000f98     
                  000000c0    00000224     fm13dt160.o (.text.FM13DT160_WriteEEPROM)
                  000002e4    000001f4     hdc302x.o (.text.HDC302X_ReadTempRH_OnDemand)
                  000004d8    00000178     controller.o (.text.main)
                  00000650    00000138     fm13dt160.o (.text.FM13DT160_ReadEEPROM)
                  00000788    00000138     mspm0_i2c_polling_safe.o (.text.MSPM0_I2C_Read)
                  000008c0    0000011c     mspm0_i2c_polling_safe.o (.text.MSPM0_I2C_Write)
                  000009dc    000000d8     libclang_rt.builtins.a : addsf3.S.obj (.text)
                  00000ab4    0000009a     libc.a : memcpy16.S.obj (.text:memcpy)
                  00000b4e    00000002     startup_mspm0c110x_ticlang.o (.text.Default_Handler)
                  00000b50    00000090     ti_msp_dl_config.o (.text.SYSCFG_DL_GPIO_init)
                  00000be0    0000008c     libclang_rt.builtins.a : mulsf3.S.obj (.text.__mulsf3)
                  00000c6c    00000082                            : divsf3.S.obj (.text.__divsf3)
                  00000cee    00000002     controller.o (.text.I2C0_IRQHandler)
                  00000cf0    00000074     SEGGER_RTT.o (.text.SEGGER_RTT_Init)
                  00000d64    00000058     ti_msp_dl_config.o (.text.SYSCFG_DL_I2C_init)
                  00000dbc    00000044     hdc302x.o (.text.HDC302X_Init)
                  00000e00    00000040     libclang_rt.builtins.a : aeabi_uidivmod.S.obj (.text.__aeabi_uidivmod)
                  00000e40    0000003c                            : floatsisf.S.obj (.text.__floatsisf)
                  00000e7c    0000003c     libc.a : autoinit.c.obj (.text:__TI_auto_init_nobinit_nopinit)
                  00000eb8    0000003a     libclang_rt.builtins.a : muldsi3.S.obj (.text.__muldsi3)
                  00000ef2    00000002                            : aeabi_div0.c.obj (.text.__aeabi_idiv0)
                  00000ef4    00000038     ti_msp_dl_config.o (.text.SYSCFG_DL_SYSCTL_init)
                  00000f2c    0000002c     ti_msp_dl_config.o (.text.SYSCFG_DL_initPower)
                  00000f58    00000028     libc.a : boot_cortex_m.c.obj (.text:_c_int00_noargs)
                  00000f80    00000026     driverlib.a : dl_i2c.o (.text.DL_I2C_setClockConfig)
                  00000fa6    00000002     --HOLE-- [fill = 0]
                  00000fa8    0000001c     fm13dt160.o (.text.FM13DT160_PowerOff)
                  00000fc4    0000001c     fm13dt160.o (.text.FM13DT160_PowerOn)
                  00000fe0    0000001c     controller.o (.text.GPIOA_IRQHandler)
                  00000ffc    00000016     libc.a : copy_zero_init.c.obj (.text:decompress:ZI:__TI_zero_init_nomemset)
                  00001012    00000014     ti_msp_dl_config.o (.text.SYSCFG_DL_init)
                  00001026    0000000c     hdc302x.o (.text.HDC302X_ReadTempRH)
                  00001032    0000000a     driverlib.a : dl_common.o (.text.DL_Common_delayCycles)
                  0000103c    00000008     libclang_rt.builtins.a : aeabi_memcpy.S.obj (.text.__aeabi_memcpy)
                  00001044    00000006     libc.a : exit.c.obj (.text:abort)
                  0000104a    00000004     libsysbm.a : hostexit.c.obj (.text.HOSTexit)
                  0000104e    00000004     startup_mspm0c110x_ticlang.o (.text.Reset_Handler)
                  00001052    00000004     libc.a : pre_init.c.obj (.text._system_pre_init)
                  00001056    00000002     --HOLE-- [fill = 0]

.cinit     0    00001080    00000018     
                  00001080    00000008     (.cinit..bss.load) [load image, compression = zero_init]
                  00001088    00000004     (__TI_handler_table)
                  0000108c    00000008     (__TI_cinit_table)
                  00001094    00000004     --HOLE-- [fill = 0]

.rodata    0    00001058    00000028     
                  00001058    0000001b     controller.o (.rodata..L__const.fm13_write_hello.ndef_2_records)
                  00001073    00000009     SEGGER_RTT.o (.rodata.str1.1347869369698290154.1)
                  0000107c    00000002     ti_msp_dl_config.o (.rodata.gI2CClockConfig)
                  0000107e    00000002     --HOLE-- [fill = 0]

.init_array 
*          0    00000000    00000000     UNINITIALIZED

.binit     0    00000000    00000000     

.bss       0    20000000    0000010c     UNINITIALIZED
                  20000000    00000064     (.common:rx_dummy)
                  20000064    00000040     SEGGER_RTT.o (.bss._acUpBuffer)
                  200000a4    00000030     (.common:_SEGGER_RTT)
                  200000d4    00000020     controller.o (.bss.verify_buf)
                  200000f4    00000010     SEGGER_RTT.o (.bss._acDownBuffer)
                  20000104    00000004     (.common:rh)
                  20000108    00000004     (.common:temp)

.stack     0    200003c0    00000040     UNINITIALIZED
                  200003c0    00000004     libc.a : boot_cortex_m.c.obj (.stack)
                  200003c4    0000003c     --HOLE--

__llvm_prf_cnts 
*          0    20000000    00000000     UNINITIALIZED

__llvm_prf_bits 
*          0    20000000    00000000     UNINITIALIZED

MODULE SUMMARY

       Module                         code   ro data   rw data
       ------                         ----   -------   -------
    .\
       controller.o                   406    27        40     
       ti_msp_dl_config.o             352    2         0      
       startup_mspm0c110x_ticlang.o   6      192       0      
    +--+------------------------------+------+---------+---------+
       Total:                         764    221       40     
                                                              
    .\Driver\
       fm13dt160.o                    916    0         100    
       mspm0_i2c_polling_safe.o       596    0         0      
       hdc302x.o                      580    0         0      
       SEGGER_RTT.o                   116    9         128    
    +--+------------------------------+------+---------+---------+
       Total:                         2208   9         228    
                                                              
    C:/ti/mspm0_sdk_2_09_00_01/source/ti/driverlib/lib/ticlang/m0p/mspm0c110x/driverlib.a
       dl_i2c.o                       38     0         0      
       dl_common.o                    10     0         0      
    +--+------------------------------+------+---------+---------+
       Total:                         48     0         0      
                                                              
    C:\ti\ccs2041\ccs\tools\compiler\ti-cgt-armllvm_4.0.4.LTS\lib\armv6m-ti-none-eabi/c/libc.a
       memcpy16.S.obj                 154    0         0      
       autoinit.c.obj                 60     0         0      
       boot_cortex_m.c.obj            40     0         0      
       copy_zero_init.c.obj           22     0         0      
       exit.c.obj                     6      0         0      
       pre_init.c.obj                 4      0         0      
    +--+------------------------------+------+---------+---------+
       Total:                         286    0         0      
                                                              
    C:\ti\ccs2041\ccs\tools\compiler\ti-cgt-armllvm_4.0.4.LTS\lib\armv6m-ti-none-eabi/c/libsysbm.a
       hostexit.c.obj                 4      0         0      
    +--+------------------------------+------+---------+---------+
       Total:                         4      0         0      
                                                              
    C:\ti\ccs2041\ccs\tools\compiler\ti-cgt-armllvm_4.0.4.LTS\lib\armv6m-ti-none-eabi/libclang_rt.builtins.a
       addsf3.S.obj                   216    0         0      
       mulsf3.S.obj                   140    0         0      
       divsf3.S.obj                   130    0         0      
       aeabi_uidivmod.S.obj           64     0         0      
       floatsisf.S.obj                60     0         0      
       muldsi3.S.obj                  58     0         0      
       aeabi_memcpy.S.obj             8      0         0      
       aeabi_div0.c.obj               2      0         0      
    +--+------------------------------+------+---------+---------+
       Total:                         678    0         0      
                                                              
       Stack:                         0      0         64     
       Linker Generated:              0      20        0      
    +--+------------------------------+------+---------+---------+
       Grand Total:                   3988   250       332    


LINKER GENERATED COPY TABLES

__TI_cinit_table @ 0000108c records: 1, size/record: 8, table size: 8
	.bss: load addr=00001080, load size=00000008 bytes, run addr=20000000, run size=0000010c bytes, compression=zero_init


LINKER GENERATED HANDLER TABLE

__TI_handler_table @ 00001088 records: 1, size/record: 4, table size: 4
	index: 0, handler: __TI_zero_init


GLOBAL SYMBOLS: SORTED ALPHABETICALLY BY Name 

address   name                          
-------   ----                          
00000b4f  ADC0_IRQHandler               
0000104a  C$$EXIT                       
00001033  DL_Common_delayCycles         
00000f81  DL_I2C_setClockConfig         
00000b4f  DMA_IRQHandler                
00000b4f  Default_Handler               
00000fa9  FM13DT160_PowerOff            
00000fc5  FM13DT160_PowerOn             
00000651  FM13DT160_ReadEEPROM          
000000c1  FM13DT160_WriteEEPROM         
00000fe1  GPIOA_IRQHandler              
00000b4f  GROUP0_IRQHandler             
00000dbd  HDC302X_Init                  
00001027  HDC302X_ReadTempRH            
000002e5  HDC302X_ReadTempRH_OnDemand   
0000104b  HOSTexit                      
00000b4f  HardFault_Handler             
00000cef  I2C0_IRQHandler               
00000789  MSPM0_I2C_Read                
000008c1  MSPM0_I2C_Write               
00000b4f  NMI_Handler                   
00000b4f  PendSV_Handler                
0000104f  Reset_Handler                 
00000cf1  SEGGER_RTT_Init               
00000b4f  SPI0_IRQHandler               
00000b4f  SVC_Handler                   
00000b51  SYSCFG_DL_GPIO_init           
00000d65  SYSCFG_DL_I2C_init            
00000ef5  SYSCFG_DL_SYSCTL_init         
00001013  SYSCFG_DL_init                
00000f2d  SYSCFG_DL_initPower           
00000b4f  SysTick_Handler               
00000b4f  TIMA0_IRQHandler              
00000b4f  TIMG14_IRQHandler             
00000b4f  TIMG8_IRQHandler              
00000b4f  UART0_IRQHandler              
200000a4  _SEGGER_RTT                   
20000400  __STACK_END                   
00000040  __STACK_SIZE                  
00000000  __TI_ATRegion0_region_sz      
00000000  __TI_ATRegion0_src_addr       
00000000  __TI_ATRegion0_trg_addr       
00000000  __TI_ATRegion1_region_sz      
00000000  __TI_ATRegion1_src_addr       
00000000  __TI_ATRegion1_trg_addr       
00000000  __TI_ATRegion2_region_sz      
00000000  __TI_ATRegion2_src_addr       
00000000  __TI_ATRegion2_trg_addr       
0000108c  __TI_CINIT_Base               
00001094  __TI_CINIT_Limit              
00001094  __TI_CINIT_Warm               
00001088  __TI_Handler_Table_Base       
0000108c  __TI_Handler_Table_Limit      
00000e7d  __TI_auto_init_nobinit_nopinit
ffffffff  __TI_pprof_out_hndl           
ffffffff  __TI_prof_data_size           
ffffffff  __TI_prof_data_start          
00000000  __TI_static_base__            
00000ffd  __TI_zero_init_nomemset       
000009e7  __addsf3                      
000009e7  __aeabi_fadd                  
00000c6d  __aeabi_fdiv                  
00000be1  __aeabi_fmul                  
000009dd  __aeabi_fsub                  
00000e41  __aeabi_i2f                   
00000ef3  __aeabi_idiv0                 
0000103d  __aeabi_memcpy                
0000103d  __aeabi_memcpy4               
0000103d  __aeabi_memcpy8               
00000e01  __aeabi_uidiv                 
00000e01  __aeabi_uidivmod              
ffffffff  __binit__                     
00000c6d  __divsf3                      
00000e41  __floatsisf                   
UNDEFED   __mpu_init                    
00000eb9  __muldsi3                     
00000be1  __mulsf3                      
200003c0  __stack                       
20000000  __start___llvm_prf_bits       
20000000  __start___llvm_prf_cnts       
20000000  __stop___llvm_prf_bits        
20000000  __stop___llvm_prf_cnts        
000009dd  __subsf3                      
00000f59  _c_int00_noargs               
UNDEFED   _system_post_cinit            
00001053  _system_pre_init              
00001045  abort                         
ffffffff  binit                         
00000000  interruptVectors              
000004d9  main                          
00000ab5  memcpy                        
20000104  rh                            
20000000  rx_dummy                      
20000108  temp                          


GLOBAL SYMBOLS: SORTED BY Symbol Address 

address   name                          
-------   ----                          
00000000  __TI_ATRegion0_region_sz      
00000000  __TI_ATRegion0_src_addr       
00000000  __TI_ATRegion0_trg_addr       
00000000  __TI_ATRegion1_region_sz      
00000000  __TI_ATRegion1_src_addr       
00000000  __TI_ATRegion1_trg_addr       
00000000  __TI_ATRegion2_region_sz      
00000000  __TI_ATRegion2_src_addr       
00000000  __TI_ATRegion2_trg_addr       
00000000  __TI_static_base__            
00000000  interruptVectors              
00000040  __STACK_SIZE                  
000000c1  FM13DT160_WriteEEPROM         
000002e5  HDC302X_ReadTempRH_OnDemand   
000004d9  main                          
00000651  FM13DT160_ReadEEPROM          
00000789  MSPM0_I2C_Read                
000008c1  MSPM0_I2C_Write               
000009dd  __aeabi_fsub                  
000009dd  __subsf3                      
000009e7  __addsf3                      
000009e7  __aeabi_fadd                  
00000ab5  memcpy                        
00000b4f  ADC0_IRQHandler               
00000b4f  DMA_IRQHandler                
00000b4f  Default_Handler               
00000b4f  GROUP0_IRQHandler             
00000b4f  HardFault_Handler             
00000b4f  NMI_Handler                   
00000b4f  PendSV_Handler                
00000b4f  SPI0_IRQHandler               
00000b4f  SVC_Handler                   
00000b4f  SysTick_Handler               
00000b4f  TIMA0_IRQHandler              
00000b4f  TIMG14_IRQHandler             
00000b4f  TIMG8_IRQHandler              
00000b4f  UART0_IRQHandler              
00000b51  SYSCFG_DL_GPIO_init           
00000be1  __aeabi_fmul                  
00000be1  __mulsf3                      
00000c6d  __aeabi_fdiv                  
00000c6d  __divsf3                      
00000cef  I2C0_IRQHandler               
00000cf1  SEGGER_RTT_Init               
00000d65  SYSCFG_DL_I2C_init            
00000dbd  HDC302X_Init                  
00000e01  __aeabi_uidiv                 
00000e01  __aeabi_uidivmod              
00000e41  __aeabi_i2f                   
00000e41  __floatsisf                   
00000e7d  __TI_auto_init_nobinit_nopinit
00000eb9  __muldsi3                     
00000ef3  __aeabi_idiv0                 
00000ef5  SYSCFG_DL_SYSCTL_init         
00000f2d  SYSCFG_DL_initPower           
00000f59  _c_int00_noargs               
00000f81  DL_I2C_setClockConfig         
00000fa9  FM13DT160_PowerOff            
00000fc5  FM13DT160_PowerOn             
00000fe1  GPIOA_IRQHandler              
00000ffd  __TI_zero_init_nomemset       
00001013  SYSCFG_DL_init                
00001027  HDC302X_ReadTempRH            
00001033  DL_Common_delayCycles         
0000103d  __aeabi_memcpy                
0000103d  __aeabi_memcpy4               
0000103d  __aeabi_memcpy8               
00001045  abort                         
0000104a  C$$EXIT                       
0000104b  HOSTexit                      
0000104f  Reset_Handler                 
00001053  _system_pre_init              
00001088  __TI_Handler_Table_Base       
0000108c  __TI_CINIT_Base               
0000108c  __TI_Handler_Table_Limit      
00001094  __TI_CINIT_Limit              
00001094  __TI_CINIT_Warm               
20000000  __start___llvm_prf_bits       
20000000  __start___llvm_prf_cnts       
20000000  __stop___llvm_prf_bits        
20000000  __stop___llvm_prf_cnts        
20000000  rx_dummy                      
200000a4  _SEGGER_RTT                   
20000104  rh                            
20000108  temp                          
200003c0  __stack                       
20000400  __STACK_END                   
ffffffff  __TI_pprof_out_hndl           
ffffffff  __TI_prof_data_size           
ffffffff  __TI_prof_data_start          
ffffffff  __binit__                     
ffffffff  binit                         
UNDEFED   __mpu_init                    
UNDEFED   _system_post_cinit            

[94 symbols]
