******************************************************************************
            TI ARM Clang Linker PC v4.0.4                      
******************************************************************************
>> Linked Mon Mar  2 22:17:28 2026

OUTPUT FILE NAME:   <io_expander_i2c_host.out>
ENTRY POINT SYMBOL: "_c_int00_noargs"  address: 00001739


MEMORY CONFIGURATION

         name            origin    length      used     unused   attr    fill
----------------------  --------  ---------  --------  --------  ----  --------
  FLASH                 00000000   00004000  000018d0  00002730  R  X
  SRAM                  20000000   00000400  00000254  000001ac  RW X
  BCR_CONFIG            41c00000   000000ff  00000000  000000ff  R   


SEGMENT ALLOCATION MAP

run origin  load origin   length   init length attrs members
----------  ----------- ---------- ----------- ----- -------
00000000    00000000    000018d0   000018d0    r-x
  00000000    00000000    000000c0   000000c0    r-- .intvecs
  000000c0    000000c0    000017d0   000017d0    r-x .text
  00001890    00001890    00000010   00000010    r-- .rodata
  000018a0    000018a0    00000030   00000030    r-- .cinit
20000000    20000000    00000214   00000000    rw-
  20000000    20000000    0000020c   00000000    rw- .bss
  2000020c    2000020c    00000008   00000000    rw- .data
200003c0    200003c0    00000040   00000000    rw-
  200003c0    200003c0    00000040   00000000    rw- .stack


SECTION ALLOCATION MAP

 output                                  attributes/
section   page    origin      length       input sections
--------  ----  ----------  ----------   ----------------
.intvecs   0    00000000    000000c0     
                  00000000    000000c0     startup_mspm0c110x_ticlang.o (.intvecs)

.text      0    000000c0    000017d0     
                  000000c0    00000280     mspm0_i2c_polling_safe.o (.text.MSPM0_I2C_WriteRead)
                  00000340    00000280     controller.o (.text.main)
                  000005c0    00000224     fm13dt160.o (.text.FM13DT160_WriteEEPROM)
                  000007e4    000001f4     hdc302x.o (.text.HDC302X_ReadTempRH_OnDemand)
                  000009d8    00000138     fm13dt160.o (.text.FM13DT160_ReadEEPROM)
                  00000b10    00000138     mspm0_i2c_polling_safe.o (.text.MSPM0_I2C_Read)
                  00000c48    0000011c     mspm0_i2c_polling_safe.o (.text.MSPM0_I2C_Write)
                  00000d64    000000e4     hdc302x.o (.text.HDC302X_ReadManufacturerID)
                  00000e48    000000d8     libclang_rt.builtins.a : addsf3.S.obj (.text)
                  00000f20    000000b8     controller.o (.text.NDEF_Update_Record)
                  00000fd8    000000b8     acc_sc7a20.o (.text.SC7A20H_EnableMotionInt)
                  00001090    0000009a     libc.a : memcpy16.S.obj (.text:memcpy)
                  0000112a    00000002     startup_mspm0c110x_ticlang.o (.text.Default_Handler)
                  0000112c    00000090     ti_msp_dl_config.o (.text.SYSCFG_DL_GPIO_init)
                  000011bc    0000008c     libclang_rt.builtins.a : mulsf3.S.obj (.text.__mulsf3)
                  00001248    00000082                            : divsf3.S.obj (.text.__divsf3)
                  000012ca    00000002     controller.o (.text.I2C0_IRQHandler)
                  000012cc    0000007c     libc.a : copy_decompress_lzss.c.obj (.text:decompress:lzss)
                  00001348    00000074     SEGGER_RTT.o (.text.SEGGER_RTT_Init)
                  000013bc    00000062     libclang_rt.builtins.a : aeabi_fcmp.S.obj (.text.__aeabi_fcmp)
                  0000141e    00000002                            : aeabi_div0.c.obj (.text.__aeabi_idiv0)
                  00001420    00000058     ti_msp_dl_config.o (.text.SYSCFG_DL_I2C_init)
                  00001478    00000044     hdc302x.o (.text.HDC302X_Init)
                  000014bc    00000040     acc_sc7a20.o (.text.SC7A20H_Init)
                  000014fc    00000040     libclang_rt.builtins.a : aeabi_uidivmod.S.obj (.text.__aeabi_uidivmod)
                  0000153c    0000003c                            : floatsisf.S.obj (.text.__floatsisf)
                  00001578    0000003c                            : comparesf2.S.obj (.text.__gtsf2)
                  000015b4    0000003c     libc.a : autoinit.c.obj (.text:__TI_auto_init_nobinit_nopinit)
                  000015f0    0000003a     libclang_rt.builtins.a : comparesf2.S.obj (.text.__eqsf2)
                  0000162a    00000002     --HOLE-- [fill = 0]
                  0000162c    0000003a                            : muldsi3.S.obj (.text.__muldsi3)
                  00001666    00000002     --HOLE-- [fill = 0]
                  00001668    00000038     ti_msp_dl_config.o (.text.SYSCFG_DL_SYSCTL_init)
                  000016a0    00000038     libclang_rt.builtins.a : fixsfsi.S.obj (.text.__fixsfsi)
                  000016d8    00000034     acc_sc7a20.o (.text.SC7A20H_ReadXYZ)
                  0000170c    0000002c     ti_msp_dl_config.o (.text.SYSCFG_DL_initPower)
                  00001738    00000028     libc.a : boot_cortex_m.c.obj (.text:_c_int00_noargs)
                  00001760    00000026     driverlib.a : dl_i2c.o (.text.DL_I2C_setClockConfig)
                  00001786    00000022     acc_sc7a20.o (.text.SC7A20H_ReadIntSource)
                  000017a8    00000022     acc_sc7a20.o (.text.SC7A20H_ReadWhoAmI)
                  000017ca    00000002     --HOLE-- [fill = 0]
                  000017cc    0000001c     fm13dt160.o (.text.FM13DT160_PowerOff)
                  000017e8    0000001c     fm13dt160.o (.text.FM13DT160_PowerOn)
                  00001804    0000001c     controller.o (.text.GPIOA_IRQHandler)
                  00001820    00000016     libc.a : copy_zero_init.c.obj (.text:decompress:ZI:__TI_zero_init_nomemset)
                  00001836    00000014     ti_msp_dl_config.o (.text.SYSCFG_DL_init)
                  0000184a    00000012     libc.a : copy_decompress_none.c.obj (.text:decompress:none)
                  0000185c    0000000c     hdc302x.o (.text.HDC302X_ReadTempRH)
                  00001868    0000000a     driverlib.a : dl_common.o (.text.DL_Common_delayCycles)
                  00001872    00000002     --HOLE-- [fill = 0]
                  00001874    00000008     libclang_rt.builtins.a : aeabi_memcpy.S.obj (.text.__aeabi_memcpy)
                  0000187c    00000006     libc.a : exit.c.obj (.text:abort)
                  00001882    00000004     libsysbm.a : hostexit.c.obj (.text.HOSTexit)
                  00001886    00000004     startup_mspm0c110x_ticlang.o (.text.Reset_Handler)
                  0000188a    00000004     libc.a : pre_init.c.obj (.text._system_pre_init)
                  0000188e    00000002     --HOLE-- [fill = 0]

.cinit     0    000018a0    00000030     
                  000018a0    0000000c     (__TI_handler_table)
                  000018ac    00000008     (.cinit..bss.load) [load image, compression = zero_init]
                  000018b4    00000007     (.cinit..data.load) [load image, compression = lzss]
                  000018bb    00000001     --HOLE-- [fill = 0]
                  000018bc    00000010     (__TI_cinit_table)
                  000018cc    00000004     --HOLE-- [fill = 0]

.rodata    0    00001890    00000010     
                  00001890    00000009     SEGGER_RTT.o (.rodata.str1.1347869369698290154.1)
                  00001899    00000002     ti_msp_dl_config.o (.rodata.gI2CClockConfig)
                  0000189b    00000005     --HOLE-- [fill = 0]

.init_array 
*          0    00000000    00000000     UNINITIALIZED

.binit     0    00000000    00000000     

.bss       0    20000000    0000020c     UNINITIALIZED
                  20000000    00000100     controller.o (.bss.ndef_buf)
                  20000100    00000064     (.common:rx_dummy)
                  20000164    00000040     SEGGER_RTT.o (.bss._acUpBuffer)
                  200001a4    00000030     (.common:_SEGGER_RTT)
                  200001d4    00000020     controller.o (.bss.verify_buf)
                  200001f4    00000010     SEGGER_RTT.o (.bss._acDownBuffer)
                  20000204    00000004     (.common:rh)
                  20000208    00000004     (.common:temp)

.data      0    2000020c    00000008     UNINITIALIZED
                  2000020c    00000002     controller.o (.data.ax)
                  2000020e    00000002     controller.o (.data.ay)
                  20000210    00000002     controller.o (.data.az)
                  20000212    00000001     controller.o (.data.current_record)
                  20000213    00000001     controller.o (.data.gAccIntFlag)

.stack     0    200003c0    00000040     UNINITIALIZED
                  200003c0    00000004     libc.a : boot_cortex_m.c.obj (.stack)
                  200003c4    0000003c     --HOLE--

__llvm_prf_cnts 
*          0    20000000    00000000     UNINITIALIZED

__llvm_prf_bits 
*          0    20000000    00000000     UNINITIALIZED

MODULE SUMMARY

       Module                         code   ro data   rw data
       ------                         ----   -------   -------
    .\
       controller.o                   854    0         304    
       ti_msp_dl_config.o             352    2         0      
       startup_mspm0c110x_ticlang.o   6      192       0      
    +--+------------------------------+------+---------+---------+
       Total:                         1212   194       304    
                                                              
    .\Driver\
       mspm0_i2c_polling_safe.o       1236   0         0      
       fm13dt160.o                    916    0         100    
       hdc302x.o                      808    0         0      
       acc_sc7a20.o                   368    0         0      
       SEGGER_RTT.o                   116    9         128    
    +--+------------------------------+------+---------+---------+
       Total:                         3444   9         228    
                                                              
    C:/ti/mspm0_sdk_2_09_00_01/source/ti/driverlib/lib/ticlang/m0p/mspm0c110x/driverlib.a
       dl_i2c.o                       38     0         0      
       dl_common.o                    10     0         0      
    +--+------------------------------+------+---------+---------+
       Total:                         48     0         0      
                                                              
    C:\ti\ccs2041\ccs\tools\compiler\ti-cgt-armllvm_4.0.4.LTS\lib\armv6m-ti-none-eabi/c/libc.a
       memcpy16.S.obj                 154    0         0      
       copy_decompress_lzss.c.obj     124    0         0      
       autoinit.c.obj                 60     0         0      
       boot_cortex_m.c.obj            40     0         0      
       copy_zero_init.c.obj           22     0         0      
       copy_decompress_none.c.obj     18     0         0      
       exit.c.obj                     6      0         0      
       pre_init.c.obj                 4      0         0      
    +--+------------------------------+------+---------+---------+
       Total:                         428    0         0      
                                                              
    C:\ti\ccs2041\ccs\tools\compiler\ti-cgt-armllvm_4.0.4.LTS\lib\armv6m-ti-none-eabi/c/libsysbm.a
       hostexit.c.obj                 4      0         0      
    +--+------------------------------+------+---------+---------+
       Total:                         4      0         0      
                                                              
    C:\ti\ccs2041\ccs\tools\compiler\ti-cgt-armllvm_4.0.4.LTS\lib\armv6m-ti-none-eabi/libclang_rt.builtins.a
       addsf3.S.obj                   216    0         0      
       mulsf3.S.obj                   140    0         0      
       divsf3.S.obj                   130    0         0      
       comparesf2.S.obj               118    0         0      
       aeabi_fcmp.S.obj               98     0         0      
       aeabi_uidivmod.S.obj           64     0         0      
       floatsisf.S.obj                60     0         0      
       muldsi3.S.obj                  58     0         0      
       fixsfsi.S.obj                  56     0         0      
       aeabi_memcpy.S.obj             8      0         0      
       aeabi_div0.c.obj               2      0         0      
    +--+------------------------------+------+---------+---------+
       Total:                         950    0         0      
                                                              
       Stack:                         0      0         64     
       Linker Generated:              0      43        0      
    +--+------------------------------+------+---------+---------+
       Grand Total:                   6086   246       596    


LINKER GENERATED COPY TABLES

__TI_cinit_table @ 000018bc records: 2, size/record: 8, table size: 16
	.bss: load addr=000018ac, load size=00000008 bytes, run addr=20000000, run size=0000020c bytes, compression=zero_init
	.data: load addr=000018b4, load size=00000007 bytes, run addr=2000020c, run size=00000008 bytes, compression=lzss


LINKER GENERATED HANDLER TABLE

__TI_handler_table @ 000018a0 records: 3, size/record: 4, table size: 12
	index: 0, handler: __TI_decompress_lzss
	index: 1, handler: __TI_decompress_none
	index: 2, handler: __TI_zero_init


GLOBAL SYMBOLS: SORTED ALPHABETICALLY BY Name 

address   name                          
-------   ----                          
0000112b  ADC0_IRQHandler               
00001882  C$$EXIT                       
00001869  DL_Common_delayCycles         
00001761  DL_I2C_setClockConfig         
0000112b  DMA_IRQHandler                
0000112b  Default_Handler               
000017cd  FM13DT160_PowerOff            
000017e9  FM13DT160_PowerOn             
000009d9  FM13DT160_ReadEEPROM          
000005c1  FM13DT160_WriteEEPROM         
00001805  GPIOA_IRQHandler              
0000112b  GROUP0_IRQHandler             
00001479  HDC302X_Init                  
00000d65  HDC302X_ReadManufacturerID    
0000185d  HDC302X_ReadTempRH            
000007e5  HDC302X_ReadTempRH_OnDemand   
00001883  HOSTexit                      
0000112b  HardFault_Handler             
000012cb  I2C0_IRQHandler               
00000b11  MSPM0_I2C_Read                
00000c49  MSPM0_I2C_Write               
000000c1  MSPM0_I2C_WriteRead           
00000f21  NDEF_Update_Record            
0000112b  NMI_Handler                   
0000112b  PendSV_Handler                
00001887  Reset_Handler                 
00000fd9  SC7A20H_EnableMotionInt       
000014bd  SC7A20H_Init                  
00001787  SC7A20H_ReadIntSource         
000017a9  SC7A20H_ReadWhoAmI            
000016d9  SC7A20H_ReadXYZ               
00001349  SEGGER_RTT_Init               
0000112b  SPI0_IRQHandler               
0000112b  SVC_Handler                   
0000112d  SYSCFG_DL_GPIO_init           
00001421  SYSCFG_DL_I2C_init            
00001669  SYSCFG_DL_SYSCTL_init         
00001837  SYSCFG_DL_init                
0000170d  SYSCFG_DL_initPower           
0000112b  SysTick_Handler               
0000112b  TIMA0_IRQHandler              
0000112b  TIMG14_IRQHandler             
0000112b  TIMG8_IRQHandler              
0000112b  UART0_IRQHandler              
200001a4  _SEGGER_RTT                   
20000400  __STACK_END                   
00000040  __STACK_SIZE                  
00000000  __TI_ATRegion0_region_sz      
00000000  __TI_ATRegion0_src_addr       
00000000  __TI_ATRegion0_trg_addr       
00000000  __TI_ATRegion1_region_sz      
00000000  __TI_ATRegion1_src_addr       
00000000  __TI_ATRegion1_trg_addr       
00000000  __TI_ATRegion2_region_sz      
00000000  __TI_ATRegion2_src_addr       
00000000  __TI_ATRegion2_trg_addr       
000018bc  __TI_CINIT_Base               
000018cc  __TI_CINIT_Limit              
000018cc  __TI_CINIT_Warm               
000018a0  __TI_Handler_Table_Base       
000018ac  __TI_Handler_Table_Limit      
000015b5  __TI_auto_init_nobinit_nopinit
000012cd  __TI_decompress_lzss          
0000184b  __TI_decompress_none          
ffffffff  __TI_pprof_out_hndl           
ffffffff  __TI_prof_data_size           
ffffffff  __TI_prof_data_start          
00000000  __TI_static_base__            
00001821  __TI_zero_init_nomemset       
00000e53  __addsf3                      
000016a1  __aeabi_f2iz                  
00000e53  __aeabi_fadd                  
000013bd  __aeabi_fcmpeq                
000013f9  __aeabi_fcmpge                
0000140d  __aeabi_fcmpgt                
000013e5  __aeabi_fcmple                
000013d1  __aeabi_fcmplt                
00001249  __aeabi_fdiv                  
000011bd  __aeabi_fmul                  
00000e49  __aeabi_fsub                  
0000153d  __aeabi_i2f                   
0000141f  __aeabi_idiv0                 
00001875  __aeabi_memcpy                
00001875  __aeabi_memcpy4               
00001875  __aeabi_memcpy8               
000014fd  __aeabi_uidiv                 
000014fd  __aeabi_uidivmod              
ffffffff  __binit__                     
000015f1  __cmpsf2                      
00001249  __divsf3                      
000015f1  __eqsf2                       
000016a1  __fixsfsi                     
0000153d  __floatsisf                   
00001579  __gesf2                       
00001579  __gtsf2                       
000015f1  __lesf2                       
000015f1  __ltsf2                       
UNDEFED   __mpu_init                    
0000162d  __muldsi3                     
000011bd  __mulsf3                      
000015f1  __nesf2                       
200003c0  __stack                       
20000000  __start___llvm_prf_bits       
20000000  __start___llvm_prf_cnts       
20000000  __stop___llvm_prf_bits        
20000000  __stop___llvm_prf_cnts        
00000e49  __subsf3                      
00001739  _c_int00_noargs               
UNDEFED   _system_post_cinit            
0000188b  _system_pre_init              
0000187d  abort                         
2000020c  ax                            
2000020e  ay                            
20000210  az                            
ffffffff  binit                         
20000213  gAccIntFlag                   
00000000  interruptVectors              
00000341  main                          
00001091  memcpy                        
20000204  rh                            
20000100  rx_dummy                      
20000208  temp                          


GLOBAL SYMBOLS: SORTED BY Symbol Address 

address   name                          
-------   ----                          
00000000  __TI_ATRegion0_region_sz      
00000000  __TI_ATRegion0_src_addr       
00000000  __TI_ATRegion0_trg_addr       
00000000  __TI_ATRegion1_region_sz      
00000000  __TI_ATRegion1_src_addr       
00000000  __TI_ATRegion1_trg_addr       
00000000  __TI_ATRegion2_region_sz      
00000000  __TI_ATRegion2_src_addr       
00000000  __TI_ATRegion2_trg_addr       
00000000  __TI_static_base__            
00000000  interruptVectors              
00000040  __STACK_SIZE                  
000000c1  MSPM0_I2C_WriteRead           
00000341  main                          
000005c1  FM13DT160_WriteEEPROM         
000007e5  HDC302X_ReadTempRH_OnDemand   
000009d9  FM13DT160_ReadEEPROM          
00000b11  MSPM0_I2C_Read                
00000c49  MSPM0_I2C_Write               
00000d65  HDC302X_ReadManufacturerID    
00000e49  __aeabi_fsub                  
00000e49  __subsf3                      
00000e53  __addsf3                      
00000e53  __aeabi_fadd                  
00000f21  NDEF_Update_Record            
00000fd9  SC7A20H_EnableMotionInt       
00001091  memcpy                        
0000112b  ADC0_IRQHandler               
0000112b  DMA_IRQHandler                
0000112b  Default_Handler               
0000112b  GROUP0_IRQHandler             
0000112b  HardFault_Handler             
0000112b  NMI_Handler                   
0000112b  PendSV_Handler                
0000112b  SPI0_IRQHandler               
0000112b  SVC_Handler                   
0000112b  SysTick_Handler               
0000112b  TIMA0_IRQHandler              
0000112b  TIMG14_IRQHandler             
0000112b  TIMG8_IRQHandler              
0000112b  UART0_IRQHandler              
0000112d  SYSCFG_DL_GPIO_init           
000011bd  __aeabi_fmul                  
000011bd  __mulsf3                      
00001249  __aeabi_fdiv                  
00001249  __divsf3                      
000012cb  I2C0_IRQHandler               
000012cd  __TI_decompress_lzss          
00001349  SEGGER_RTT_Init               
000013bd  __aeabi_fcmpeq                
000013d1  __aeabi_fcmplt                
000013e5  __aeabi_fcmple                
000013f9  __aeabi_fcmpge                
0000140d  __aeabi_fcmpgt                
0000141f  __aeabi_idiv0                 
00001421  SYSCFG_DL_I2C_init            
00001479  HDC302X_Init                  
000014bd  SC7A20H_Init                  
000014fd  __aeabi_uidiv                 
000014fd  __aeabi_uidivmod              
0000153d  __aeabi_i2f                   
0000153d  __floatsisf                   
00001579  __gesf2                       
00001579  __gtsf2                       
000015b5  __TI_auto_init_nobinit_nopinit
000015f1  __cmpsf2                      
000015f1  __eqsf2                       
000015f1  __lesf2                       
000015f1  __ltsf2                       
000015f1  __nesf2                       
0000162d  __muldsi3                     
00001669  SYSCFG_DL_SYSCTL_init         
000016a1  __aeabi_f2iz                  
000016a1  __fixsfsi                     
000016d9  SC7A20H_ReadXYZ               
0000170d  SYSCFG_DL_initPower           
00001739  _c_int00_noargs               
00001761  DL_I2C_setClockConfig         
00001787  SC7A20H_ReadIntSource         
000017a9  SC7A20H_ReadWhoAmI            
000017cd  FM13DT160_PowerOff            
000017e9  FM13DT160_PowerOn             
00001805  GPIOA_IRQHandler              
00001821  __TI_zero_init_nomemset       
00001837  SYSCFG_DL_init                
0000184b  __TI_decompress_none          
0000185d  HDC302X_ReadTempRH            
00001869  DL_Common_delayCycles         
00001875  __aeabi_memcpy                
00001875  __aeabi_memcpy4               
00001875  __aeabi_memcpy8               
0000187d  abort                         
00001882  C$$EXIT                       
00001883  HOSTexit                      
00001887  Reset_Handler                 
0000188b  _system_pre_init              
000018a0  __TI_Handler_Table_Base       
000018ac  __TI_Handler_Table_Limit      
000018bc  __TI_CINIT_Base               
000018cc  __TI_CINIT_Limit              
000018cc  __TI_CINIT_Warm               
20000000  __start___llvm_prf_bits       
20000000  __start___llvm_prf_cnts       
20000000  __stop___llvm_prf_bits        
20000000  __stop___llvm_prf_cnts        
20000100  rx_dummy                      
200001a4  _SEGGER_RTT                   
20000204  rh                            
20000208  temp                          
2000020c  ax                            
2000020e  ay                            
20000210  az                            
20000213  gAccIntFlag                   
200003c0  __stack                       
20000400  __STACK_END                   
ffffffff  __TI_pprof_out_hndl           
ffffffff  __TI_prof_data_size           
ffffffff  __TI_prof_data_start          
ffffffff  __binit__                     
ffffffff  binit                         
UNDEFED   __mpu_init                    
UNDEFED   _system_post_cinit            

[122 symbols]
